<html>
<body>
<pre>
<h1>µVision Build Log</h1>
<h2>Tool Versions:</h2>
IDE-Version: µVision V5.37.0.0
Copyright (C) 2022 ARM Ltd and ARM Germany GmbH. All rights reserved.
License Information: Dodo Dodo Dodo Flex license: MDK Professional 5.37 (Flex) (mdk_pro) Operation stops: 10 Mar 2024
 
Tool Versions:
Toolchain:       MDK Professional 5.37 (Flex)  Version: 5.37.0.0
Toolchain Path:  C:\Keil_v5\ARM\ARM_Compiler_5.06u7\Bin
C Compiler:      Armcc.exe V5.06 update 7 (build 960)
Assembler:       Armasm.exe V5.06 update 7 (build 960)
Linker/Locator:  ArmLink.exe V5.06 update 7 (build 960)
Library Manager: ArmAr.exe V5.06 update 7 (build 960)
Hex Converter:   FromElf.exe V5.06 update 7 (build 960)
CPU DLL:         SARMCM3.DLL V5.37.0.0
Dialog DLL:      DARMP1.DLL V1.28.1.0
Target DLL:      UL2CM3.DLL V1.164.7.0
Dialog DLL:      TARMP1.DLL V1.27.1.0
 
<h2>Project:</h2>
C:\Users\edoal\OneDrive\Universita\4 - Quarto anno\Architetture dei sistemi di elaborazione\lab\extrapoint\extrapoint2_emulator\TAMAGOTCHI\tamagotchi.uvprojx
Project File Date:  01/17/2023

<h2>Output:</h2>
*** Using Compiler 'V5.06 update 7 (build 960)', folder: 'C:\Keil_v5\ARM\ARM_Compiler_5.06u7\Bin'
Rebuild target 'Target 1'
Note: source file '.\GLCD_advanced\AsciiLib.c' - object file renamed from '.\Objects\AsciiLib.o' to '.\Objects\asciilib_1.o'.
Note: source file '.\GLCD_advanced\GLCD.c' - object file renamed from '.\Objects\GLCD.o' to '.\Objects\glcd_1.o'.
Note: source file '.\GLCD_advanced\HzLib.c' - object file renamed from '.\Objects\HzLib.o' to '.\Objects\hzlib_1.o'.
assembling startup_LPC17xx.s...
compiling IRQ_timer.c...
compiling IRQ_RIT.c...
compiling main.c...
compiling system_LPC17xx.c...
compiling lib_timer.c...
compiling AsciiLib.c...
compiling tamagotchi.c...
Tamagotchi\tamagotchi.c(878): warning:  #223-D: function "sprintf" declared implicitly
  	sprintf(age, "Age: %02d:%02d:%02d", h, m, s);
Tamagotchi\tamagotchi.c: 1 warning, 0 errors
compiling lib_RIT.c...
compiling lib_joystick.c...
compiling IRQ_button.c...
compiling lib_button.c...
compiling funct_led.c...
compiling lib_led.c...
compiling IRQ_adc.c...
compiling HzLib.c...
compiling TouchPanel.c...
compiling lib_adc.c...
compiling MIDI.c...
compiling GLCD.c...
linking...
Program Size: Code=39344 RO-data=35928 RW-data=184 ZI-data=680  
".\Objects\tamagotchi.axf" - 0 Error(s), 1 Warning(s).

<h2>Software Packages used:</h2>

Package Vendor: ARM
                http://www.keil.com/pack/ARM.CMSIS.5.9.0.pack
                ARM.CMSIS.5.9.0
                CMSIS (Common Microcontroller Software Interface Standard)
   * Component: CORE Version: 5.6.0

Package Vendor: Keil
                http://www.keil.com/pack/Keil.LPC1700_DFP.2.7.1.pack
                Keil.LPC1700_DFP.2.7.1
                NXP LPC1700 Series Device Support, Drivers and Examples for MCB1700 and LPC1788-32

<h2>Collection of Component include folders:</h2>
  ./RTE/_Target_1
  C:/Users/edoal/AppData/Local/Arm/Packs/ARM/CMSIS/5.9.0/CMSIS/Core/Include
  C:/Users/edoal/AppData/Local/Arm/Packs/Keil/LPC1700_DFP/2.7.1/Device/Include

<h2>Collection of Component Files used:</h2>

   * Component: ARM::CMSIS:CORE:5.6.0
Build Time Elapsed:  00:00:03
</pre>
</body>
</html>
