Component: ARM Compiler 5.06 update 7 (build 960) Tool: armlink [4d3601]

==============================================================================

Section Cross References

    startup_lpc17xx.o(STACK) refers (Special) to heapauxi.o(.text) for __use_two_region_memory
    startup_lpc17xx.o(HEAP) refers (Special) to heapauxi.o(.text) for __use_two_region_memory
    startup_lpc17xx.o(RESET) refers (Special) to heapauxi.o(.text) for __use_two_region_memory
    startup_lpc17xx.o(RESET) refers to startup_lpc17xx.o(STACK) for __initial_sp
    startup_lpc17xx.o(RESET) refers to startup_lpc17xx.o(.text) for Reset_Handler
    startup_lpc17xx.o(RESET) refers to irq_timer.o(.text) for TIMER0_IRQHandler
    startup_lpc17xx.o(RESET) refers to irq_button.o(.text) for EINT0_IRQHandler
    startup_lpc17xx.o(RESET) refers to irq_adc.o(.text) for ADC_IRQHandler
    startup_lpc17xx.o(RESET) refers to irq_rit.o(.text) for RIT_IRQHandler
    startup_lpc17xx.o(.ARM.__at_0x02FC) refers (Special) to heapauxi.o(.text) for __use_two_region_memory
    startup_lpc17xx.o(.text) refers (Special) to heapauxi.o(.text) for __use_two_region_memory
    startup_lpc17xx.o(.text) refers to __main.o(!!!main) for __main
    startup_lpc17xx.o(.text) refers to startup_lpc17xx.o(HEAP) for Heap_Mem
    startup_lpc17xx.o(.text) refers to startup_lpc17xx.o(STACK) for Stack_Mem
    main.o(.text) refers to system_lpc17xx.o(.text) for SystemInit
    main.o(.text) refers to glcd_1.o(.text) for LCD_Initialization
    main.o(.text) refers to lib_adc.o(.text) for ADC_init
    main.o(.text) refers to touchpanel.o(.text) for TP_Init
    main.o(.text) refers to tamagotchi.o(.text) for start_tamagotchi
    system_lpc17xx.o(.text) refers to system_lpc17xx.o(.data) for SystemFrequency
    tamagotchi.o(.text) refers to _printf_pad.o(.text) for _printf_pre_padding
    tamagotchi.o(.text) refers to _printf_percent.o(.ARM.Collect$$_printf_percent$$00000000) for _printf_percent
    tamagotchi.o(.text) refers to _printf_d.o(.ARM.Collect$$_printf_percent$$00000009) for _printf_d
    tamagotchi.o(.text) refers to _printf_dec.o(.text) for _printf_int_dec
    tamagotchi.o(.text) refers to lib_timer.o(.text) for reset_timer
    tamagotchi.o(.text) refers to lib_rit.o(.text) for reset_RIT
    tamagotchi.o(.text) refers to glcd_1.o(.text) for LCD_DrawRectangle
    tamagotchi.o(.text) refers to midi.o(.text) for playNote
    tamagotchi.o(.text) refers to tamagotchi.o(.data) for gone
    tamagotchi.o(.text) refers to tamagotchi.o(.constdata) for frame0
    tamagotchi.o(.text) refers to noretval__2sprintf.o(.text) for __2sprintf
    tamagotchi.o(.text) refers to irq_adc.o(.data) for ADC_first_read
    irq_timer.o(.text) refers to tamagotchi.o(.text) for age_controller
    irq_timer.o(.text) refers to lib_timer.o(.text) for disable_timer
    irq_timer.o(.text) refers to tamagotchi.o(.data) for running_away
    irq_timer.o(.text) refers to irq_timer.o(.data) for flag
    irq_rit.o(.text) refers to touchpanel.o(.text) for Read_Ads7846
    irq_rit.o(.text) refers to tamagotchi.o(.text) for cuddle
    irq_rit.o(.text) refers to lib_adc.o(.text) for ADC_start_conversion
    irq_rit.o(.text) refers to touchpanel.o(.bss) for matrix
    irq_rit.o(.text) refers to touchpanel.o(.data) for display
    asciilib_1.o(.text) refers to rt_memcpy_v6.o(.text) for __aeabi_memcpy
    asciilib_1.o(.text) refers to asciilib_1.o(.constdata) for AsciiLib
    glcd_1.o(.text) refers to glcd_1.o(.data) for LCD_Code
    glcd_1.o(.text) refers to asciilib_1.o(.text) for GetASCIICode
    hzlib_1.o(.text) refers to rt_memcpy_v6.o(.text) for __aeabi_memcpy
    hzlib_1.o(.text) refers to hzlib_1.o(.constdata) for HzLib
    irq_button.o(.text) refers to funct_led.o(.text) for LED_On
    funct_led.o(.text) refers to funct_led.o(.constdata) for led_mask
    funct_led.o(.text) refers to lib_led.o(.data) for led_value
    lib_led.o(.text) refers to lib_led.o(.data) for led_value
    touchpanel.o(.text) refers to glcd_1.o(.text) for LCD_SetPoint
    touchpanel.o(.text) refers to rt_memclr_w.o(.text) for __aeabi_memclr4
    touchpanel.o(.text) refers to dflt_clz.o(x$fpl$dflt) for __aeabi_i2d
    touchpanel.o(.text) refers to deqf.o(x$fpl$deqf) for __aeabi_cdcmpeq
    touchpanel.o(.text) refers to dflt_clz.o(x$fpl$dfltu) for __aeabi_ui2d
    touchpanel.o(.text) refers to dmul.o(x$fpl$dmul) for __aeabi_dmul
    touchpanel.o(.text) refers to daddsub_clz.o(x$fpl$dadd) for __aeabi_dadd
    touchpanel.o(.text) refers to ddiv.o(x$fpl$ddiv) for __aeabi_ddiv
    touchpanel.o(.text) refers to dfixu.o(x$fpl$dfixu) for __aeabi_d2uiz
    touchpanel.o(.text) refers to touchpanel.o(.data) for screen
    touchpanel.o(.text) refers to touchpanel.o(.bss) for ScreenSample
    irq_adc.o(.text) refers to tamagotchi.o(.text) for set_volume
    irq_adc.o(.text) refers to irq_adc.o(.data) for AD_current
    midi.o(.text) refers to lib_timer.o(.text) for init_timer
    midi.o(.text) refers to midi.o(.data) for first_sound
[...]
    daddsub_clz.o(x$fpl$dsub) refers (Special) to usenofp.o(x$fpl$usenofp) for __I$use$fp
    daddsub_clz.o(x$fpl$dsub) refers to daddsub_clz.o(x$fpl$dadd) for _dadd1
    daddsub_clz.o(x$fpl$dsub) refers to dnaninf.o(x$fpl$dnaninf) for __fpl_dnaninf
    ddiv.o(x$fpl$drdiv) refers (Special) to usenofp.o(x$fpl$usenofp) for __I$use$fp
    ddiv.o(x$fpl$drdiv) refers to ddiv.o(x$fpl$ddiv) for ddiv_entry
    ddiv.o(x$fpl$ddiv) refers (Special) to usenofp.o(x$fpl$usenofp) for __I$use$fp
    ddiv.o(x$fpl$ddiv) refers to dretinf.o(x$fpl$dretinf) for __fpl_dretinf
    ddiv.o(x$fpl$ddiv) refers to dnaninf.o(x$fpl$dnaninf) for __fpl_dnaninf
    deqf.o(x$fpl$deqf) refers (Special) to usenofp.o(x$fpl$usenofp) for __I$use$fp
    deqf.o(x$fpl$deqf) refers to dnaninf.o(x$fpl$dnaninf) for __fpl_dnaninf
    deqf.o(x$fpl$deqf) refers to dcmpi.o(x$fpl$dcmpinf) for __fpl_dcmp_Inf
    dfixu.o(x$fpl$dfixu) refers (Special) to usenofp.o(x$fpl$usenofp) for __I$use$fp
    dfixu.o(x$fpl$dfixu) refers to dnaninf.o(x$fpl$dnaninf) for __fpl_dnaninf
    dfixu.o(x$fpl$dfixur) refers (Special) to usenofp.o(x$fpl$usenofp) for __I$use$fp
    dfixu.o(x$fpl$dfixur) refers to dnaninf.o(x$fpl$dnaninf) for __fpl_dnaninf
    dflt_clz.o(x$fpl$dfltu) refers (Special) to usenofp.o(x$fpl$usenofp) for __I$use$fp
    dflt_clz.o(x$fpl$dflt) refers (Special) to usenofp.o(x$fpl$usenofp) for __I$use$fp
    dflt_clz.o(x$fpl$dfltn) refers (Special) to usenofp.o(x$fpl$usenofp) for __I$use$fp
    dmul.o(x$fpl$dmul) refers (Special) to usenofp.o(x$fpl$usenofp) for __I$use$fp
    dmul.o(x$fpl$dmul) refers to dretinf.o(x$fpl$dretinf) for __fpl_dretinf
    dmul.o(x$fpl$dmul) refers to dnaninf.o(x$fpl$dnaninf) for __fpl_dnaninf
    __rtentry.o(.ARM.Collect$$rtentry$$00000000) refers (Special) to __rtentry2.o(.ARM.Collect$$rtentry$$0000000A) for __rt_entry_li
    __rtentry.o(.ARM.Collect$$rtentry$$00000000) refers (Special) to __rtentry2.o(.ARM.Collect$$rtentry$$0000000D) for __rt_entry_main
    __rtentry.o(.ARM.Collect$$rtentry$$00000000) refers (Special) to __rtentry2.o(.ARM.Collect$$rtentry$$0000000C) for __rt_entry_postli_1
    __rtentry.o(.ARM.Collect$$rtentry$$00000000) refers (Special) to __rtentry2.o(.ARM.Collect$$rtentry$$00000009) for __rt_entry_postsh_1
    __rtentry.o(.ARM.Collect$$rtentry$$00000000) refers (Special) to __rtentry2.o(.ARM.Collect$$rtentry$$00000002) for __rt_entry_presh_1
    __rtentry.o(.ARM.Collect$$rtentry$$00000000) refers (Special) to __rtentry4.o(.ARM.Collect$$rtentry$$00000004) for __rt_entry_sh
    _printf_intcommon.o(.text) refers (Weak) to _printf_pad.o(.text) for _printf_pre_padding
    _printf_intcommon.o(.text) refers (Weak) to _printf_pad.o(.text) for _printf_pre_padding
    _printf_intcommon.o(.text) refers (Weak) to _printf_pad.o(.text) for _printf_post_padding
    _printf_char_common.o(.text) refers to __printf_flags_wp.o(.text) for __printf
    dcmpi.o(x$fpl$dcmpinf) refers (Special) to usenofp.o(x$fpl$usenofp) for __I$use$fp
    dnaninf.o(x$fpl$dnaninf) refers (Special) to usenofp.o(x$fpl$usenofp) for __I$use$fp
    dretinf.o(x$fpl$dretinf) refers (Special) to usenofp.o(x$fpl$usenofp) for __I$use$fp
    __rtentry2.o(.ARM.Collect$$rtentry$$00000008) refers to boardinit2.o(.text) for _platform_post_stackheap_init
    __rtentry2.o(.ARM.Collect$$rtentry$$0000000A) refers to libinit.o(.ARM.Collect$$libinit$$00000000) for __rt_lib_init
    __rtentry2.o(.ARM.Collect$$rtentry$$0000000B) refers to boardinit3.o(.text) for _platform_post_lib_init
    __rtentry2.o(.ARM.Collect$$rtentry$$0000000D) refers to main.o(.text) for main
    __rtentry2.o(.ARM.Collect$$rtentry$$0000000D) refers to exit.o(.text) for exit
    __rtentry2.o(.ARM.exidx) refers to __rtentry2.o(.ARM.Collect$$rtentry$$00000001) for .ARM.Collect$$rtentry$$00000001
    __rtentry2.o(.ARM.exidx) refers to __rtentry2.o(.ARM.Collect$$rtentry$$00000008) for .ARM.Collect$$rtentry$$00000008
    __rtentry2.o(.ARM.exidx) refers to __rtentry2.o(.ARM.Collect$$rtentry$$0000000A) for .ARM.Collect$$rtentry$$0000000A
    __rtentry2.o(.ARM.exidx) refers to __rtentry2.o(.ARM.Collect$$rtentry$$0000000B) for .ARM.Collect$$rtentry$$0000000B
    __rtentry2.o(.ARM.exidx) refers to __rtentry2.o(.ARM.Collect$$rtentry$$0000000D) for .ARM.Collect$$rtentry$$0000000D
    __rtentry4.o(.ARM.Collect$$rtentry$$00000004) refers to sys_stackheap_outer.o(.text) for __user_setup_stackheap
    __rtentry4.o(.ARM.exidx) refers to __rtentry4.o(.ARM.Collect$$rtentry$$00000004) for .ARM.Collect$$rtentry$$00000004
    sys_stackheap_outer.o(.text) refers to libspace.o(.text) for __user_perproc_libspace
    sys_stackheap_outer.o(.text) refers to startup_lpc17xx.o(.text) for __user_initial_stackheap
    exit.o(.text) refers to rtexit.o(.ARM.Collect$$rtexit$$00000000) for __rt_exit
    libinit.o(.ARM.Collect$$libinit$$00000000) refers (Special) to libinit2.o(.ARM.Collect$$libinit$$0000002E) for __rt_lib_init_alloca_1
    libinit.o(.ARM.Collect$$libinit$$00000000) refers (Special) to libinit2.o(.ARM.Collect$$libinit$$0000002C) for __rt_lib_init_argv_1
    libinit.o(.ARM.Collect$$libinit$$00000000) refers (Special) to libinit2.o(.ARM.Collect$$libinit$$0000001B) for __rt_lib_init_atexit_1
    libinit.o(.ARM.Collect$$libinit$$00000000) refers (Special) to libinit2.o(.ARM.Collect$$libinit$$00000021) for __rt_lib_init_clock_1
    libinit.o(.ARM.Collect$$libinit$$00000000) refers (Special) to libinit2.o(.ARM.Collect$$libinit$$00000032) for __rt_lib_init_cpp_1
    libinit.o(.ARM.Collect$$libinit$$00000000) refers (Special) to libinit2.o(.ARM.Collect$$libinit$$00000030) for __rt_lib_init_exceptions_1
    libinit.o(.ARM.Collect$$libinit$$00000000) refers (Special) to libinit2.o(.ARM.Collect$$libinit$$00000002) for __rt_lib_init_fp_1
    libinit.o(.ARM.Collect$$libinit$$00000000) refers (Special) to libinit2.o(.ARM.Collect$$libinit$$0000001F) for __rt_lib_init_fp_trap_1
    libinit.o(.ARM.Collect$$libinit$$00000000) refers (Special) to libinit2.o(.ARM.Collect$$libinit$$00000023) for __rt_lib_init_getenv_1
    libinit.o(.ARM.Collect$$libinit$$00000000) refers (Special) to libinit2.o(.ARM.Collect$$libinit$$0000000A) for __rt_lib_init_heap_1
    libinit.o(.ARM.Collect$$libinit$$00000000) refers (Special) to libinit2.o(.ARM.Collect$$libinit$$00000011) for __rt_lib_init_lc_collate_1
    libinit.o(.ARM.Collect$$libinit$$00000000) refers (Special) to libinit2.o(.ARM.Collect$$libinit$$00000013) for __rt_lib_init_lc_ctype_1
    libinit.o(.ARM.Collect$$libinit$$00000000) refers (Special) to libinit2.o(.ARM.Collect$$libinit$$00000015) for __rt_lib_init_lc_monetary_1
    libinit.o(.ARM.Collect$$libinit$$00000000) refers (Special) to libinit2.o(.ARM.Collect$$libinit$$00000017) for __rt_lib_init_lc_numeric_1
    libinit.o(.ARM.Collect$$libinit$$00000000) refers (Special) to libinit2.o(.ARM.Collect$$libinit$$00000019) for __rt_lib_init_lc_time_1
    libinit.o(.ARM.Collect$$libinit$$00000000) refers (Special) to libinit2.o(.ARM.Collect$$libinit$$00000004) for __rt_lib_init_preinit_1
    libinit.o(.ARM.Collect$$libinit$$00000000) refers (Special) to libinit2.o(.ARM.Collect$$libinit$$0000000E) for __rt_lib_init_rand_1
    libinit.o(.ARM.Collect$$libinit$$00000000) refers (Special) to libinit2.o(.ARM.Collect$$libinit$$00000033) for __rt_lib_init_return
    libinit.o(.ARM.Collect$$libinit$$00000000) refers (Special) to libinit2.o(.ARM.Collect$$libinit$$0000001D) for __rt_lib_init_signal_1
    libinit.o(.ARM.Collect$$libinit$$00000000) refers (Special) to libinit2.o(.ARM.Collect$$libinit$$00000025) for __rt_lib_init_stdio_1
    libinit.o(.ARM.Collect$$libinit$$00000000) refers (Special) to libinit2.o(.ARM.Collect$$libinit$$0000000C) for __rt_lib_init_user_alloc_1
    libspace.o(.text) refers to libspace.o(.bss) for __libspace_start
    rtexit.o(.ARM.Collect$$rtexit$$00000000) refers (Special) to rtexit2.o(.ARM.Collect$$rtexit$$00000004) for __rt_exit_exit
    rtexit.o(.ARM.Collect$$rtexit$$00000000) refers (Special) to rtexit2.o(.ARM.Collect$$rtexit$$00000003) for __rt_exit_ls
    rtexit.o(.ARM.Collect$$rtexit$$00000000) refers (Special) to rtexit2.o(.ARM.Collect$$rtexit$$00000002) for __rt_exit_prels_1
    rtexit.o(.ARM.exidx) refers (Special) to rtexit2.o(.ARM.Collect$$rtexit$$00000004) for __rt_exit_exit
    rtexit.o(.ARM.exidx) refers (Special) to rtexit2.o(.ARM.Collect$$rtexit$$00000003) for __rt_exit_ls
    rtexit.o(.ARM.exidx) refers (Special) to rtexit2.o(.ARM.Collect$$rtexit$$00000002) for __rt_exit_prels_1
    rtexit.o(.ARM.exidx) refers to rtexit.o(.ARM.Collect$$rtexit$$00000000) for .ARM.Collect$$rtexit$$00000000
    libinit2.o(.ARM.Collect$$libinit$$00000010) refers to libinit2.o(.ARM.Collect$$libinit$$0000000F) for .ARM.Collect$$libinit$$0000000F
    libinit2.o(.ARM.Collect$$libinit$$00000012) refers to libinit2.o(.ARM.Collect$$libinit$$0000000F) for .ARM.Collect$$libinit$$0000000F
    libinit2.o(.ARM.Collect$$libinit$$00000014) refers to libinit2.o(.ARM.Collect$$libinit$$0000000F) for .ARM.Collect$$libinit$$0000000F
    libinit2.o(.ARM.Collect$$libinit$$00000016) refers to libinit2.o(.ARM.Collect$$libinit$$0000000F) for .ARM.Collect$$libinit$$0000000F
    libinit2.o(.ARM.Collect$$libinit$$00000018) refers to libinit2.o(.ARM.Collect$$libinit$$0000000F) for .ARM.Collect$$libinit$$0000000F
    libinit2.o(.ARM.Collect$$libinit$$00000026) refers to argv_veneer.o(.emb_text) for __ARM_argv_veneer
    libinit2.o(.ARM.Collect$$libinit$$00000027) refers to argv_veneer.o(.emb_text) for __ARM_argv_veneer
    rtexit2.o(.ARM.Collect$$rtexit$$00000003) refers to libshutdown.o(.ARM.Collect$$libshutdown$$00000000) for __rt_lib_shutdown
    rtexit2.o(.ARM.Collect$$rtexit$$00000004) refers to sys_exit.o(.text) for _sys_exit
    rtexit2.o(.ARM.exidx) refers to rtexit2.o(.ARM.Collect$$rtexit$$00000001) for .ARM.Collect$$rtexit$$00000001
    rtexit2.o(.ARM.exidx) refers to rtexit2.o(.ARM.Collect$$rtexit$$00000003) for .ARM.Collect$$rtexit$$00000003
    rtexit2.o(.ARM.exidx) refers to rtexit2.o(.ARM.Collect$$rtexit$$00000004) for .ARM.Collect$$rtexit$$00000004
    argv_veneer.o(.emb_text) refers to no_argv.o(.text) for __ARM_get_argv
    sys_exit.o(.text) refers (Special) to use_no_semi.o(.text) for __I$use$semihosting
    sys_exit.o(.text) refers (Special) to indicate_semi.o(.text) for __semihosting_library_function
    _get_argv_nomalloc.o(.text) refers (Special) to hrguard.o(.text) for __heap_region$guard
    _get_argv_nomalloc.o(.text) refers to defsig_rtmem_outer.o(.text) for __rt_SIGRTMEM
    _get_argv_nomalloc.o(.text) refers to sys_command.o(.text) for _sys_command_string
    libshutdown.o(.ARM.Collect$$libshutdown$$00000000) refers (Special) to libshutdown2.o(.ARM.Collect$$libshutdown$$00000004) for __rt_lib_shutdown_cpp_1
    libshutdown.o(.ARM.Collect$$libshutdown$$00000000) refers (Special) to libshutdown2.o(.ARM.Collect$$libshutdown$$00000002) for __rt_lib_shutdown_fini_1
    libshutdown.o(.ARM.Collect$$libshutdown$$00000000) refers (Special) to libshutdown2.o(.ARM.Collect$$libshutdown$$00000009) for __rt_lib_shutdown_fp_trap_1
    libshutdown.o(.ARM.Collect$$libshutdown$$00000000) refers (Special) to libshutdown2.o(.ARM.Collect$$libshutdown$$00000011) for __rt_lib_shutdown_heap_1
    libshutdown.o(.ARM.Collect$$libshutdown$$00000000) refers (Special) to libshutdown2.o(.ARM.Collect$$libshutdown$$00000012) for __rt_lib_shutdown_return
    libshutdown.o(.ARM.Collect$$libshutdown$$00000000) refers (Special) to libshutdown2.o(.ARM.Collect$$libshutdown$$0000000C) for __rt_lib_shutdown_signal_1
    libshutdown.o(.ARM.Collect$$libshutdown$$00000000) refers (Special) to libshutdown2.o(.ARM.Collect$$libshutdown$$00000006) for __rt_lib_shutdown_stdio_1
    libshutdown.o(.ARM.Collect$$libshutdown$$00000000) refers (Special) to libshutdown2.o(.ARM.Collect$$libshutdown$$0000000E) for __rt_lib_shutdown_user_alloc_1
    sys_command.o(.text) refers (Special) to use_no_semi.o(.text) for __I$use$semihosting
    sys_command.o(.text) refers (Special) to indicate_semi.o(.text) for __semihosting_library_function
    defsig_rtmem_outer.o(.text) refers to defsig_rtmem_inner.o(.text) for __rt_SIGRTMEM_inner
    defsig_rtmem_outer.o(.text) refers to defsig_exit.o(.text) for __sig_exit
    defsig_rtmem_formal.o(.text) refers to rt_raise.o(.text) for __rt_raise
    rt_raise.o(.text) refers to __raise.o(.text) for __raise
    rt_raise.o(.text) refers to sys_exit.o(.text) for _sys_exit
    defsig_exit.o(.text) refers to sys_exit.o(.text) for _sys_exit
    defsig_rtmem_inner.o(.text) refers to defsig_general.o(.text) for __default_signal_display
    __raise.o(.text) refers to defsig.o(CL$$defsig) for __default_signal_handler
    defsig_general.o(.text) refers to sys_wrch.o(.text) for _ttywrch
    sys_wrch.o(.text) refers (Special) to use_no_semi.o(.text) for __I$use$semihosting
    sys_wrch.o(.text) refers (Special) to indicate_semi.o(.text) for __semihosting_library_function
    defsig.o(CL$$defsig) refers to defsig_rtmem_inner.o(.text) for __rt_SIGRTMEM_inner
    defsig_abrt_inner.o(.text) refers to defsig_general.o(.text) for __default_signal_display
    defsig_fpe_inner.o(.text) refers to defsig_general.o(.text) for __default_signal_display
    defsig_rtred_inner.o(.text) refers to defsig_general.o(.text) for __default_signal_display
    defsig_stak_inner.o(.text) refers to defsig_general.o(.text) for __default_signal_display
    defsig_pvfn_inner.o(.text) refers to defsig_general.o(.text) for __default_signal_display
    defsig_cppl_inner.o(.text) refers to defsig_general.o(.text) for __default_signal_display
    defsig_segv_inner.o(.text) refers to defsig_general.o(.text) for __default_signal_display
    defsig_other.o(.text) refers to defsig_general.o(.text) for __default_signal_display


==============================================================================

Removing Unused input sections from the image.

    Removing main.o(.rev16_text), (4 bytes).
    Removing main.o(.revsh_text), (4 bytes).
    Removing main.o(.rrx_text), (6 bytes).
    Removing system_lpc17xx.o(.rev16_text), (4 bytes).
    Removing system_lpc17xx.o(.revsh_text), (4 bytes).
    Removing system_lpc17xx.o(.rrx_text), (6 bytes).
    Removing tamagotchi.o(.rev16_text), (4 bytes).
    Removing tamagotchi.o(.revsh_text), (4 bytes).
    Removing tamagotchi.o(.rrx_text), (6 bytes).
    Removing irq_timer.o(.rev16_text), (4 bytes).
    Removing irq_timer.o(.revsh_text), (4 bytes).
    Removing irq_timer.o(.rrx_text), (6 bytes).
    Removing lib_timer.o(.rev16_text), (4 bytes).
    Removing lib_timer.o(.revsh_text), (4 bytes).
    Removing lib_timer.o(.rrx_text), (6 bytes).
    Removing irq_rit.o(.rev16_text), (4 bytes).
    Removing irq_rit.o(.revsh_text), (4 bytes).
    Removing irq_rit.o(.rrx_text), (6 bytes).
    Removing lib_rit.o(.rev16_text), (4 bytes).
    Removing lib_rit.o(.revsh_text), (4 bytes).
    Removing lib_rit.o(.rrx_text), (6 bytes).
    Removing glcd_1.o(.rev16_text), (4 bytes).
    Removing glcd_1.o(.revsh_text), (4 bytes).
    Removing glcd_1.o(.rrx_text), (6 bytes).
    Removing hzlib_1.o(.text), (52 bytes).
    Removing hzlib_1.o(.constdata), (216576 bytes).
    Removing lib_joystick.o(.rev16_text), (4 bytes).
    Removing lib_joystick.o(.revsh_text), (4 bytes).
    Removing lib_joystick.o(.rrx_text), (6 bytes).
    Removing lib_joystick.o(.text), (36 bytes).
    Removing irq_button.o(.rev16_text), (4 bytes).
    Removing irq_button.o(.revsh_text), (4 bytes).
    Removing irq_button.o(.rrx_text), (6 bytes).
    Removing lib_button.o(.rev16_text), (4 bytes).
    Removing lib_button.o(.revsh_text), (4 bytes).
    Removing lib_button.o(.rrx_text), (6 bytes).
    Removing lib_button.o(.text), (148 bytes).
    Removing funct_led.o(.rev16_text), (4 bytes).
    Removing funct_led.o(.revsh_text), (4 bytes).
    Removing funct_led.o(.rrx_text), (6 bytes).
    Removing lib_led.o(.rev16_text), (4 bytes).
    Removing lib_led.o(.revsh_text), (4 bytes).
    Removing lib_led.o(.rrx_text), (6 bytes).
    Removing lib_led.o(.text), (64 bytes).
    Removing touchpanel.o(.rev16_text), (4 bytes).
    Removing touchpanel.o(.revsh_text), (4 bytes).
    Removing touchpanel.o(.rrx_text), (6 bytes).
    Removing irq_adc.o(.rev16_text), (4 bytes).
    Removing irq_adc.o(.revsh_text), (4 bytes).
    Removing irq_adc.o(.rrx_text), (6 bytes).
    Removing lib_adc.o(.rev16_text), (4 bytes).
    Removing lib_adc.o(.revsh_text), (4 bytes).
    Removing lib_adc.o(.rrx_text), (6 bytes).
    Removing midi.o(.rev16_text), (4 bytes).
    Removing midi.o(.revsh_text), (4 bytes).
    Removing midi.o(.rrx_text), (6 bytes).

56 unused section(s) (total 217114 bytes) removed from the image.

==============================================================================

Image Symbol Table

    Local Symbols

    Symbol Name                              Value     Ov Type        Size  Object(Section)

    RESET                                    0x00000000   Section      204  startup_lpc17xx.o(RESET)
    ../clib/angel/boardlib.s                 0x00000000   Number         0  boardshut.o ABSOLUTE
    ../clib/angel/boardlib.s                 0x00000000   Number         0  boardinit1.o ABSOLUTE
    ../clib/angel/boardlib.s                 0x00000000   Number         0  boardinit2.o ABSOLUTE
    ../clib/angel/boardlib.s                 0x00000000   Number         0  boardinit3.o ABSOLUTE
    ../clib/angel/handlers.s                 0x00000000   Number         0  __scatter_copy.o ABSOLUTE
    ../clib/angel/handlers.s                 0x00000000   Number         0  __scatter_zi.o ABSOLUTE
    ../clib/angel/kernel.s                   0x00000000   Number         0  rtexit.o ABSOLUTE
    ../clib/angel/kernel.s                   0x00000000   Number         0  rtexit2.o ABSOLUTE
    ../clib/angel/kernel.s                   0x00000000   Number         0  __rtentry.o ABSOLUTE
    ../clib/angel/kernel.s                   0x00000000   Number         0  __rtentry2.o ABSOLUTE
    ../clib/angel/kernel.s                   0x00000000   Number         0  __rtentry4.o ABSOLUTE
    ../clib/angel/rt.s                       0x00000000   Number         0  rt_raise.o ABSOLUTE
    ../clib/angel/scatter.s                  0x00000000   Number         0  __scatter.o ABSOLUTE
    ../clib/angel/startup.s                  0x00000000   Number         0  __main.o ABSOLUTE
    ../clib/angel/sys.s                      0x00000000   Number         0  indicate_semi.o ABSOLUTE
    ../clib/angel/sys.s                      0x00000000   Number         0  use_no_semi.o ABSOLUTE
    ../clib/angel/sys.s                      0x00000000   Number         0  libspace.o ABSOLUTE
    ../clib/angel/sys.s                      0x00000000   Number         0  sys_stackheap_outer.o ABSOLUTE
    ../clib/angel/sysapp.c                   0x00000000   Number         0  sys_command.o ABSOLUTE
    ../clib/angel/sysapp.c                   0x00000000   Number         0  sys_wrch.o ABSOLUTE
    ../clib/angel/sysapp.c                   0x00000000   Number         0  sys_exit.o ABSOLUTE
    ../clib/armsys.c                         0x00000000   Number         0  no_argv.o ABSOLUTE
    ../clib/armsys.c                         0x00000000   Number         0  argv_veneer.o ABSOLUTE
    ../clib/armsys.c                         0x00000000   Number         0  _get_argv_nomalloc.o ABSOLUTE
    ../clib/armsys.c                         0x00000000   Number         0  argv_veneer.o ABSOLUTE
    ../clib/heapalloc.c                      0x00000000   Number         0  hrguard.o ABSOLUTE
    ../clib/heapaux.c                        0x00000000   Number         0  heapauxi.o ABSOLUTE
    ../clib/libinit.s                        0x00000000   Number         0  libshutdown2.o ABSOLUTE
    ../clib/libinit.s                        0x00000000   Number         0  libinit.o ABSOLUTE
    ../clib/libinit.s                        0x00000000   Number         0  libshutdown.o ABSOLUTE
    ../clib/libinit.s                        0x00000000   Number         0  libinit2.o ABSOLUTE
    ../clib/memcpset.s                       0x00000000   Number         0  rt_memcpy_w.o ABSOLUTE
    ../clib/memcpset.s                       0x00000000   Number         0  rt_memclr_w.o ABSOLUTE
    ../clib/memcpset.s                       0x00000000   Number         0  rt_memcpy_v6.o ABSOLUTE
    ../clib/misc.s                           0x00000000   Number         0  printf_stubs.o ABSOLUTE
    ../clib/printf.c                         0x00000000   Number         0  _printf_pad.o ABSOLUTE
    ../clib/printf.c                         0x00000000   Number         0  __2sprintf.o ABSOLUTE
    ../clib/printf.c                         0x00000000   Number         0  noretval__2sprintf.o ABSOLUTE
    ../clib/printf.c                         0x00000000   Number         0  __printf.o ABSOLUTE
    ../clib/printf.c                         0x00000000   Number         0  _printf_dec.o ABSOLUTE
    ../clib/printf.c                         0x00000000   Number         0  __printf_flags.o ABSOLUTE
    ../clib/printf.c                         0x00000000   Number         0  __printf_ss.o ABSOLUTE
    ../clib/printf.c                         0x00000000   Number         0  __printf_flags_ss.o ABSOLUTE
    ../clib/printf.c                         0x00000000   Number         0  __printf_wp.o ABSOLUTE
    ../clib/printf.c                         0x00000000   Number         0  _sputc.o ABSOLUTE
    ../clib/printf.c                         0x00000000   Number         0  __printf_flags_wp.o ABSOLUTE
    ../clib/printf.c                         0x00000000   Number         0  _printf_char_common.o ABSOLUTE
    ../clib/printf.c                         0x00000000   Number         0  __printf_nopercent.o ABSOLUTE
    ../clib/printf.c                         0x00000000   Number         0  _printf_intcommon.o ABSOLUTE
    ../clib/printf.c                         0x00000000   Number         0  __printf_ss_wp.o ABSOLUTE
    ../clib/printf.c                         0x00000000   Number         0  __printf_flags_ss_wp.o ABSOLUTE
    ../clib/printf_percent.s                 0x00000000   Number         0  _printf_percent_end.o ABSOLUTE
    ../clib/printf_percent.s                 0x00000000   Number         0  _printf_percent.o ABSOLUTE
    ../clib/printf_percent.s                 0x00000000   Number         0  _printf_d.o ABSOLUTE
    ../clib/signal.c                         0x00000000   Number         0  defsig_rtred_inner.o ABSOLUTE
    ../clib/signal.c                         0x00000000   Number         0  defsig_other.o ABSOLUTE
    ../clib/signal.c                         0x00000000   Number         0  defsig_segv_inner.o ABSOLUTE
    ../clib/signal.c                         0x00000000   Number         0  defsig_cppl_inner.o ABSOLUTE
    ../clib/signal.c                         0x00000000   Number         0  defsig_pvfn_inner.o ABSOLUTE
    ../clib/signal.c                         0x00000000   Number         0  defsig_rtmem_formal.o ABSOLUTE
    ../clib/signal.c                         0x00000000   Number         0  defsig_stak_inner.o ABSOLUTE
    ../clib/signal.c                         0x00000000   Number         0  defsig_rtmem_outer.o ABSOLUTE
    ../clib/signal.c                         0x00000000   Number         0  defsig_fpe_inner.o ABSOLUTE
    ../clib/signal.c                         0x00000000   Number         0  defsig_abrt_inner.o ABSOLUTE
    ../clib/signal.c                         0x00000000   Number         0  defsig_general.o ABSOLUTE
    ../clib/signal.c                         0x00000000   Number         0  __raise.o ABSOLUTE
    ../clib/signal.c                         0x00000000   Number         0  defsig_rtmem_inner.o ABSOLUTE
    ../clib/signal.c                         0x00000000   Number         0  defsig_exit.o ABSOLUTE
    ../clib/signal.s                         0x00000000   Number         0  defsig.o ABSOLUTE
    ../clib/stdlib.c                         0x00000000   Number         0  exit.o ABSOLUTE
    ../fplib/daddsub.s                       0x00000000   Number         0  daddsub_clz.o ABSOLUTE
    ../fplib/dcmpi.s                         0x00000000   Number         0  dcmpi.o ABSOLUTE
    ../fplib/ddiv.s                          0x00000000   Number         0  ddiv.o ABSOLUTE
    ../fplib/deqf.s                          0x00000000   Number         0  deqf.o ABSOLUTE
    ../fplib/dfixu.s                         0x00000000   Number         0  dfixu.o ABSOLUTE
    ../fplib/dflt.s                          0x00000000   Number         0  dflt_clz.o ABSOLUTE
    ../fplib/dmul.s                          0x00000000   Number         0  dmul.o ABSOLUTE
    ../fplib/dnaninf.s                       0x00000000   Number         0  dnaninf.o ABSOLUTE
    ../fplib/dretinf.s                       0x00000000   Number         0  dretinf.o ABSOLUTE
    ../fplib/fpinit.s                        0x00000000   Number         0  fpinit.o ABSOLUTE
    ../fplib/usenofp.s                       0x00000000   Number         0  usenofp.o ABSOLUTE
    ADC\IRQ_adc.c                            0x00000000   Number         0  irq_adc.o ABSOLUTE
    ADC\\IRQ_adc.c                           0x00000000   Number         0  irq_adc.o ABSOLUTE
    ADC\\lib_adc.c                           0x00000000   Number         0  lib_adc.o ABSOLUTE
    ADC\lib_adc.c                            0x00000000   Number         0  lib_adc.o ABSOLUTE
    Button\IRQ_button.c                      0x00000000   Number         0  irq_button.o ABSOLUTE
    Button\\IRQ_button.c                     0x00000000   Number         0  irq_button.o ABSOLUTE
    Button\\lib_button.c                     0x00000000   Number         0  lib_button.o ABSOLUTE
    Button\lib_button.c                      0x00000000   Number         0  lib_button.o ABSOLUTE
    GLCD_advanced\AsciiLib.c                 0x00000000   Number         0  asciilib_1.o ABSOLUTE
    GLCD_advanced\GLCD.c                     0x00000000   Number         0  glcd_1.o ABSOLUTE
    GLCD_advanced\HzLib.c                    0x00000000   Number         0  hzlib_1.o ABSOLUTE
    GLCD_advanced\\GLCD.c                    0x00000000   Number         0  glcd_1.o ABSOLUTE
    Joystick\\lib_joystick.c                 0x00000000   Number         0  lib_joystick.o ABSOLUTE
    Joystick\lib_joystick.c                  0x00000000   Number         0  lib_joystick.o ABSOLUTE
    LED\\funct_led.c                         0x00000000   Number         0  funct_led.o ABSOLUTE
    LED\\lib_led.c                           0x00000000   Number         0  lib_led.o ABSOLUTE
    LED\funct_led.c                          0x00000000   Number         0  funct_led.o ABSOLUTE
    LED\lib_led.c                            0x00000000   Number         0  lib_led.o ABSOLUTE
    MIDI\MIDI.c                              0x00000000   Number         0  midi.o ABSOLUTE
    MIDI\\MIDI.c                             0x00000000   Number         0  midi.o ABSOLUTE
    RIT\IRQ_RIT.c                            0x00000000   Number         0  irq_rit.o ABSOLUTE
    RIT\\IRQ_RIT.c                           0x00000000   Number         0  irq_rit.o ABSOLUTE
    RIT\\lib_RIT.c                           0x00000000   Number         0  lib_rit.o ABSOLUTE
    RIT\lib_RIT.c                            0x00000000   Number         0  lib_rit.o ABSOLUTE
    Tamagotchi\\tamagotchi.c                 0x00000000   Number         0  tamagotchi.o ABSOLUTE
    Tamagotchi\tamagotchi.c                  0x00000000   Number         0  tamagotchi.o ABSOLUTE
    Timer\IRQ_timer.c                        0x00000000   Number         0  irq_timer.o ABSOLUTE
    Timer\\IRQ_timer.c                       0x00000000   Number         0  irq_timer.o ABSOLUTE
    Timer\\lib_timer.c                       0x00000000   Number         0  lib_timer.o ABSOLUTE
    Timer\lib_timer.c                        0x00000000   Number         0  lib_timer.o ABSOLUTE
    TouchPanel\TouchPanel.c                  0x00000000   Number         0  touchpanel.o ABSOLUTE
    TouchPanel\\TouchPanel.c                 0x00000000   Number         0  touchpanel.o ABSOLUTE
    dc.s                                     0x00000000   Number         0  dc.o ABSOLUTE
    main.c                                   0x00000000   Number         0  main.o ABSOLUTE
    main.c                                   0x00000000   Number         0  main.o ABSOLUTE
    startup_LPC17xx.s                        0x00000000   Number         0  startup_lpc17xx.o ABSOLUTE
    system_LPC17xx.c                         0x00000000   Number         0  system_lpc17xx.o ABSOLUTE
    system_LPC17xx.c                         0x00000000   Number         0  system_lpc17xx.o ABSOLUTE
    !!!main                                  0x000000cc   Section        8  __main.o(!!!main)
    !!!scatter                               0x000000d4   Section       52  __scatter.o(!!!scatter)
    !!handler_copy                           0x00000108   Section       26  __scatter_copy.o(!!handler_copy)
    !!handler_zi                             0x00000124   Section       28  __scatter_zi.o(!!handler_zi)
    .ARM.Collect$$_printf_percent$$00000000  0x00000140   Section        0  _printf_percent.o(.ARM.Collect$$_printf_percent$$00000000)
    .ARM.Collect$$_printf_percent$$00000009  0x00000140   Section        6  _printf_d.o(.ARM.Collect$$_printf_percent$$00000009)
    .ARM.Collect$$_printf_percent$$00000017  0x00000146   Section        4  _printf_percent_end.o(.ARM.Collect$$_printf_percent$$00000017)
    .ARM.Collect$$libinit$$00000000          0x0000014a   Section        2  libinit.o(.ARM.Collect$$libinit$$00000000)
    .ARM.Collect$$libinit$$00000002          0x0000014c   Section        0  libinit2.o(.ARM.Collect$$libinit$$00000002)
    .ARM.Collect$$libinit$$00000004          0x0000014c   Section        0  libinit2.o(.ARM.Collect$$libinit$$00000004)
    .ARM.Collect$$libinit$$0000000A          0x0000014c   Section        0  libinit2.o(.ARM.Collect$$libinit$$0000000A)
    .ARM.Collect$$libinit$$0000000C          0x0000014c   Section        0  libinit2.o(.ARM.Collect$$libinit$$0000000C)
    .ARM.Collect$$libinit$$0000000E          0x0000014c   Section        0  libinit2.o(.ARM.Collect$$libinit$$0000000E)
    .ARM.Collect$$libinit$$00000011          0x0000014c   Section        0  libinit2.o(.ARM.Collect$$libinit$$00000011)
    .ARM.Collect$$libinit$$00000013          0x0000014c   Section        0  libinit2.o(.ARM.Collect$$libinit$$00000013)
    .ARM.Collect$$libinit$$00000015          0x0000014c   Section        0  libinit2.o(.ARM.Collect$$libinit$$00000015)
    .ARM.Collect$$libinit$$00000017          0x0000014c   Section        0  libinit2.o(.ARM.Collect$$libinit$$00000017)
    .ARM.Collect$$libinit$$00000019          0x0000014c   Section        0  libinit2.o(.ARM.Collect$$libinit$$00000019)
    .ARM.Collect$$libinit$$0000001B          0x0000014c   Section        0  libinit2.o(.ARM.Collect$$libinit$$0000001B)
    .ARM.Collect$$libinit$$0000001D          0x0000014c   Section        0  libinit2.o(.ARM.Collect$$libinit$$0000001D)
    .ARM.Collect$$libinit$$0000001F          0x0000014c   Section        0  libinit2.o(.ARM.Collect$$libinit$$0000001F)
    .ARM.Collect$$libinit$$00000021          0x0000014c   Section        0  libinit2.o(.ARM.Collect$$libinit$$00000021)
    .ARM.Collect$$libinit$$00000023          0x0000014c   Section        0  libinit2.o(.ARM.Collect$$libinit$$00000023)
    .ARM.Collect$$libinit$$00000025          0x0000014c   Section        0  libinit2.o(.ARM.Collect$$libinit$$00000025)
    .ARM.Collect$$libinit$$0000002C          0x0000014c   Section        0  libinit2.o(.ARM.Collect$$libinit$$0000002C)
    .ARM.Collect$$libinit$$0000002E          0x0000014c   Section        0  libinit2.o(.ARM.Collect$$libinit$$0000002E)
    .ARM.Collect$$libinit$$00000030          0x0000014c   Section        0  libinit2.o(.ARM.Collect$$libinit$$00000030)
    .ARM.Collect$$libinit$$00000032          0x0000014c   Section        0  libinit2.o(.ARM.Collect$$libinit$$00000032)
    .ARM.Collect$$libinit$$00000033          0x0000014c   Section        2  libinit2.o(.ARM.Collect$$libinit$$00000033)
    .ARM.Collect$$libshutdown$$00000000      0x0000014e   Section        2  libshutdown.o(.ARM.Collect$$libshutdown$$00000000)
    .ARM.Collect$$libshutdown$$00000002      0x00000150   Section        0  libshutdown2.o(.ARM.Collect$$libshutdown$$00000002)
    .ARM.Collect$$libshutdown$$00000004      0x00000150   Section        0  libshutdown2.o(.ARM.Collect$$libshutdown$$00000004)
    .ARM.Collect$$libshutdown$$00000006      0x00000150   Section        0  libshutdown2.o(.ARM.Collect$$libshutdown$$00000006)
    .ARM.Collect$$libshutdown$$00000009      0x00000150   Section        0  libshutdown2.o(.ARM.Collect$$libshutdown$$00000009)
    .ARM.Collect$$libshutdown$$0000000C      0x00000150   Section        0  libshutdown2.o(.ARM.Collect$$libshutdown$$0000000C)
    .ARM.Collect$$libshutdown$$0000000E      0x00000150   Section        0  libshutdown2.o(.ARM.Collect$$libshutdown$$0000000E)
    .ARM.Collect$$libshutdown$$00000011      0x00000150   Section        0  libshutdown2.o(.ARM.Collect$$libshutdown$$00000011)
    .ARM.Collect$$libshutdown$$00000012      0x00000150   Section        2  libshutdown2.o(.ARM.Collect$$libshutdown$$00000012)
    .ARM.Collect$$rtentry$$00000000          0x00000152   Section        0  __rtentry.o(.ARM.Collect$$rtentry$$00000000)
    .ARM.Collect$$rtentry$$00000002          0x00000152   Section        0  __rtentry2.o(.ARM.Collect$$rtentry$$00000002)
    .ARM.Collect$$rtentry$$00000004          0x00000152   Section        6  __rtentry4.o(.ARM.Collect$$rtentry$$00000004)
    .ARM.Collect$$rtentry$$00000009          0x00000158   Section        0  __rtentry2.o(.ARM.Collect$$rtentry$$00000009)
    .ARM.Collect$$rtentry$$0000000A          0x00000158   Section        4  __rtentry2.o(.ARM.Collect$$rtentry$$0000000A)
    .ARM.Collect$$rtentry$$0000000C          0x0000015c   Section        0  __rtentry2.o(.ARM.Collect$$rtentry$$0000000C)
    .ARM.Collect$$rtentry$$0000000D          0x0000015c   Section        8  __rtentry2.o(.ARM.Collect$$rtentry$$0000000D)
    .ARM.Collect$$rtexit$$00000000           0x00000164   Section        2  rtexit.o(.ARM.Collect$$rtexit$$00000000)
    .ARM.Collect$$rtexit$$00000002           0x00000166   Section        0  rtexit2.o(.ARM.Collect$$rtexit$$00000002)
    .ARM.Collect$$rtexit$$00000003           0x00000166   Section        4  rtexit2.o(.ARM.Collect$$rtexit$$00000003)
    .ARM.Collect$$rtexit$$00000004           0x0000016a   Section        6  rtexit2.o(.ARM.Collect$$rtexit$$00000004)
    .text                                    0x00000170   Section       52  startup_lpc17xx.o(.text)
    .text                                    0x000001a4   Section        0  main.o(.text)
    .text                                    0x000001e4   Section        0  irq_timer.o(.text)
    .text                                    0x000002e8   Section        0  heapauxi.o(.text)
    .text                                    0x000002ee   Section        0  _sputc.o(.text)
    .text                                    0x000002f8   Section        2  use_no_semi.o(.text)
    .text                                    0x000002fa   Section        0  indicate_semi.o(.text)
    x$fpl$usenofp                            0x000002fa   Section        0  usenofp.o(x$fpl$usenofp)
    .ARM.__at_0x02FC                         0x000002fc   Section        4  startup_lpc17xx.o(.ARM.__at_0x02FC)
    .text                                    0x00000300   Section        0  system_lpc17xx.o(.text)
    .text                                    0x0000052c   Section        0  tamagotchi.o(.text)
    .text                                    0x00001050   Section        0  lib_timer.o(.text)
    __NVIC_EnableIRQ                         0x00001051   Thumb Code    34  lib_timer.o(.text)
    __NVIC_SetPriority                       0x00001073   Thumb Code    32  lib_timer.o(.text)
    .text                                    0x00001218   Section        0  irq_rit.o(.text)
    .text                                    0x000012a8   Section        0  lib_rit.o(.text)
    .text                                    0x00001364   Section        0  asciilib_1.o(.text)
    .text                                    0x00001384   Section        0  glcd_1.o(.text)
    LCD_Configuration                        0x00001385   Thumb Code    20  glcd_1.o(.text)
    wait_delay                               0x00001399   Thumb Code    12  glcd_1.o(.text)
    LCD_SetCursor                            0x000013a5   Thumb Code  1356  glcd_1.o(.text)
    delay_ms                                 0x000018f1   Thumb Code    30  glcd_1.o(.text)
    LCD_BGR2RGB                              0x000070b9   Thumb Code    26  glcd_1.o(.text)
    .text                                    0x00008078   Section        0  irq_button.o(.text)
    .text                                    0x000080d0   Section        0  funct_led.o(.text)
    .text                                    0x0000813c   Section        0  touchpanel.o(.text)
    ADS7843_SPI_Init                         0x0000814d   Thumb Code   128  touchpanel.o(.text)
    DelayUS                                  0x000081eb   Thumb Code    28  touchpanel.o(.text)
    WR_CMD                                   0x00008207   Thumb Code    56  touchpanel.o(.text)
    RD_AD                                    0x0000823f   Thumb Code    42  touchpanel.o(.text)
    .text                                    0x00008abc   Section        0  irq_adc.o(.text)
    .text                                    0x00008b78   Section        0  lib_adc.o(.text)
    .text                                    0x00008c34   Section        0  midi.o(.text)
    .text                                    0x00008ca4   Section        0  noretval__2sprintf.o(.text)
    .text                                    0x00008ccc   Section        0  _printf_pad.o(.text)
    .text                                    0x00008d1c   Section        0  _printf_dec.o(.text)
    .text                                    0x00008d94   Section        0  __printf_flags_wp.o(.text)
    .text                                    0x00008ecc   Section      138  rt_memcpy_v6.o(.text)
    .text                                    0x00008f56   Section       78  rt_memclr_w.o(.text)
    .text                                    0x00008fa4   Section        0  _printf_intcommon.o(.text)
    .text                                    0x00009058   Section        0  _printf_char_common.o(.text)
    _printf_input_char                       0x00009059   Thumb Code    10  _printf_char_common.o(.text)
    .text                                    0x00009088   Section      100  rt_memcpy_w.o(.text)
    .text                                    0x000090ec   Section       74  sys_stackheap_outer.o(.text)
    .text                                    0x00009136   Section        0  exit.o(.text)
    .text                                    0x00009148   Section        8  libspace.o(.text)
    .text                                    0x00009150   Section        0  sys_exit.o(.text)
    i._is_digit                              0x0000915c   Section        0  __printf_wp.o(i._is_digit)
    x$fpl$dadd                               0x0000916c   Section      336  daddsub_clz.o(x$fpl$dadd)
    _dadd1                                   0x0000917d   Thumb Code     0  daddsub_clz.o(x$fpl$dadd)
    x$fpl$dcmpinf                            0x000092bc   Section       24  dcmpi.o(x$fpl$dcmpinf)
    x$fpl$ddiv                               0x000092d4   Section      688  ddiv.o(x$fpl$ddiv)
    ddiv_entry                               0x000092db   Thumb Code     0  ddiv.o(x$fpl$ddiv)
    x$fpl$deqf                               0x00009584   Section      120  deqf.o(x$fpl$deqf)
    x$fpl$dfixu                              0x000095fc   Section       90  dfixu.o(x$fpl$dfixu)
    x$fpl$dflt                               0x00009656   Section       46  dflt_clz.o(x$fpl$dflt)
    x$fpl$dfltu                              0x00009684   Section       38  dflt_clz.o(x$fpl$dfltu)
    x$fpl$dmul                               0x000096ac   Section      340  dmul.o(x$fpl$dmul)
    x$fpl$dnaninf                            0x00009800   Section      156  dnaninf.o(x$fpl$dnaninf)
    x$fpl$dretinf                            0x0000989c   Section       12  dretinf.o(x$fpl$dretinf)
    x$fpl$dsub                               0x000098a8   Section      468  daddsub_clz.o(x$fpl$dsub)
    _dsub1                                   0x000098b9   Thumb Code     0  daddsub_clz.o(x$fpl$dsub)
    .constdata                               0x00009a7c   Section    34104  tamagotchi.o(.constdata)
    .constdata                               0x00011fb4   Section     1520  asciilib_1.o(.constdata)
    AsciiLib                                 0x00011fb4   Data        1520  asciilib_1.o(.constdata)
    .constdata                               0x000125a4   Section       32  funct_led.o(.constdata)
    .constdata                               0x000125c4   Section       17  __printf_flags_wp.o(.constdata)
    maptable                                 0x000125c4   Data          17  __printf_flags_wp.o(.constdata)
    STACK                                    0x10000000   Section      512  startup_lpc17xx.o(STACK)
    Stack_Mem                                0x10000000   Data         512  startup_lpc17xx.o(STACK)
    __initial_sp                             0x10000200   Data           0  startup_lpc17xx.o(STACK)
    .data                                    0x2007c000   Section        4  system_lpc17xx.o(.data)
    .data                                    0x2007c004   Section       44  tamagotchi.o(.data)
    lvl                                      0x2007c018   Data           4  tamagotchi.o(.data)
    lvl                                      0x2007c01c   Data           4  tamagotchi.o(.data)
    s                                        0x2007c020   Data           4  tamagotchi.o(.data)
    m                                        0x2007c024   Data           4  tamagotchi.o(.data)
    h                                        0x2007c028   Data           4  tamagotchi.o(.data)
    note                                     0x2007c02c   Data           4  tamagotchi.o(.data)
    .data                                    0x2007c030   Section      104  irq_timer.o(.data)
    flag                                     0x2007c08c   Data           4  irq_timer.o(.data)
    sineticks                                0x2007c090   Data           4  irq_timer.o(.data)
    currentValue                             0x2007c094   Data           4  irq_timer.o(.data)
    .data                                    0x2007c098   Section        4  glcd_1.o(.data)
    LCD_Code                                 0x2007c098   Data           1  glcd_1.o(.data)
    back_color                               0x2007c09a   Data           2  glcd_1.o(.data)
    .data                                    0x2007c09c   Section        1  lib_led.o(.data)
    .data                                    0x2007c09e   Section       20  touchpanel.o(.data)
    screen                                   0x2007c0ae   Data           4  touchpanel.o(.data)
    .data                                    0x2007c0b2   Section        5  irq_adc.o(.data)
    .data                                    0x2007c0b7   Section        1  midi.o(.data)
    .bss                                     0x2007c0b8   Section       68  touchpanel.o(.bss)
    .bss                                     0x2007c0fc   Section       96  libspace.o(.bss)
    HEAP                                     0x2007c160   Section        0  startup_lpc17xx.o(HEAP)
    Heap_Mem                                 0x2007c160   Data           0  startup_lpc17xx.o(HEAP)

    Global Symbols

    Symbol Name                              Value     Ov Type        Size  Object(Section)

    BuildAttributes$$THM_ISAv4$P$D$K$B$S$PE$A:L22UL41UL21$X:L11$S22US41US21$IEEE1$IW$USESV6$~STKCKD$USESV7$~SHL$OSPACE$ROPI$EBA8$UX$STANDARDLIB$REQ8$PRES8$EABIv2 0x00000000   Number         0  anon$$obj.o ABSOLUTE
    __ARM_use_no_argv                        0x00000000   Number         0  main.o ABSOLUTE
    __Vectors                                0x00000000   Data           4  startup_lpc17xx.o(RESET)
    _printf_flags                            0x00000000   Number         0  printf_stubs.o ABSOLUTE
    _printf_return_value                     0x00000000   Number         0  printf_stubs.o ABSOLUTE
    _printf_sizespec                         0x00000000   Number         0  printf_stubs.o ABSOLUTE
    _printf_widthprec                        0x00000000   Number         0  printf_stubs.o ABSOLUTE
    __ARM_exceptions_init                     - Undefined Weak Reference
    __alloca_initialize                       - Undefined Weak Reference
    __arm_fini_                               - Undefined Weak Reference
    __arm_preinit_                            - Undefined Weak Reference
    __cpp_initialize__aeabi_                  - Undefined Weak Reference
    __cxa_finalize                            - Undefined Weak Reference
    __rt_locale                               - Undefined Weak Reference
    __sigvec_lookup                           - Undefined Weak Reference
    _atexit_init                              - Undefined Weak Reference
    _call_atexit_fns                          - Undefined Weak Reference
    _clock_init                               - Undefined Weak Reference
    _fp_trap_init                             - Undefined Weak Reference
    _fp_trap_shutdown                         - Undefined Weak Reference
    _get_lc_collate                           - Undefined Weak Reference
    _get_lc_ctype                             - Undefined Weak Reference
    _get_lc_monetary                          - Undefined Weak Reference
    _get_lc_numeric                           - Undefined Weak Reference
    _get_lc_time                              - Undefined Weak Reference
    _getenv_init                              - Undefined Weak Reference
    _handle_redirection                       - Undefined Weak Reference
    _init_alloc                               - Undefined Weak Reference
    _init_user_alloc                          - Undefined Weak Reference
    _initio                                   - Undefined Weak Reference
    _printf_truncate_signed                   - Undefined Weak Reference
    _printf_truncate_unsigned                 - Undefined Weak Reference
    _rand_init                                - Undefined Weak Reference
    _signal_finish                            - Undefined Weak Reference
    _signal_init                              - Undefined Weak Reference
    _terminate_alloc                          - Undefined Weak Reference
    _terminate_user_alloc                     - Undefined Weak Reference
    _terminateio                              - Undefined Weak Reference
    __main                                   0x000000cd   Thumb Code     8  __main.o(!!!main)
    __scatterload                            0x000000d5   Thumb Code     0  __scatter.o(!!!scatter)
    __scatterload_rt2                        0x000000d5   Thumb Code    44  __scatter.o(!!!scatter)
    __scatterload_rt2_thumb_only             0x000000d5   Thumb Code     0  __scatter.o(!!!scatter)
    __scatterload_null                       0x000000e3   Thumb Code     0  __scatter.o(!!!scatter)
    __scatterload_copy                       0x00000109   Thumb Code    26  __scatter_copy.o(!!handler_copy)
    __scatterload_zeroinit                   0x00000125   Thumb Code    28  __scatter_zi.o(!!handler_zi)
    _printf_d                                0x00000141   Thumb Code     0  _printf_d.o(.ARM.Collect$$_printf_percent$$00000009)
    _printf_percent                          0x00000141   Thumb Code     0  _printf_percent.o(.ARM.Collect$$_printf_percent$$00000000)
    _printf_percent_end                      0x00000147   Thumb Code     0  _printf_percent_end.o(.ARM.Collect$$_printf_percent$$00000017)
    __rt_lib_init                            0x0000014b   Thumb Code     0  libinit.o(.ARM.Collect$$libinit$$00000000)
    __rt_lib_init_alloca_1                   0x0000014d   Thumb Code     0  libinit2.o(.ARM.Collect$$libinit$$0000002E)
    __rt_lib_init_argv_1                     0x0000014d   Thumb Code     0  libinit2.o(.ARM.Collect$$libinit$$0000002C)
    __rt_lib_init_atexit_1                   0x0000014d   Thumb Code     0  libinit2.o(.ARM.Collect$$libinit$$0000001B)
    __rt_lib_init_clock_1                    0x0000014d   Thumb Code     0  libinit2.o(.ARM.Collect$$libinit$$00000021)
    __rt_lib_init_cpp_1                      0x0000014d   Thumb Code     0  libinit2.o(.ARM.Collect$$libinit$$00000032)
    __rt_lib_init_exceptions_1               0x0000014d   Thumb Code     0  libinit2.o(.ARM.Collect$$libinit$$00000030)
    __rt_lib_init_fp_1                       0x0000014d   Thumb Code     0  libinit2.o(.ARM.Collect$$libinit$$00000002)
    __rt_lib_init_fp_trap_1                  0x0000014d   Thumb Code     0  libinit2.o(.ARM.Collect$$libinit$$0000001F)
    __rt_lib_init_getenv_1                   0x0000014d   Thumb Code     0  libinit2.o(.ARM.Collect$$libinit$$00000023)
    __rt_lib_init_heap_1                     0x0000014d   Thumb Code     0  libinit2.o(.ARM.Collect$$libinit$$0000000A)
    __rt_lib_init_lc_collate_1               0x0000014d   Thumb Code     0  libinit2.o(.ARM.Collect$$libinit$$00000011)
    __rt_lib_init_lc_ctype_1                 0x0000014d   Thumb Code     0  libinit2.o(.ARM.Collect$$libinit$$00000013)
    __rt_lib_init_lc_monetary_1              0x0000014d   Thumb Code     0  libinit2.o(.ARM.Collect$$libinit$$00000015)
    __rt_lib_init_lc_numeric_1               0x0000014d   Thumb Code     0  libinit2.o(.ARM.Collect$$libinit$$00000017)
    __rt_lib_init_lc_time_1                  0x0000014d   Thumb Code     0  libinit2.o(.ARM.Collect$$libinit$$00000019)
    __rt_lib_init_preinit_1                  0x0000014d   Thumb Code     0  libinit2.o(.ARM.Collect$$libinit$$00000004)
    __rt_lib_init_rand_1                     0x0000014d   Thumb Code     0  libinit2.o(.ARM.Collect$$libinit$$0000000E)
    __rt_lib_init_return                     0x0000014d   Thumb Code     0  libinit2.o(.ARM.Collect$$libinit$$00000033)
    __rt_lib_init_signal_1                   0x0000014d   Thumb Code     0  libinit2.o(.ARM.Collect$$libinit$$0000001D)
    __rt_lib_init_stdio_1                    0x0000014d   Thumb Code     0  libinit2.o(.ARM.Collect$$libinit$$00000025)
    __rt_lib_init_user_alloc_1               0x0000014d   Thumb Code     0  libinit2.o(.ARM.Collect$$libinit$$0000000C)
    __rt_lib_shutdown                        0x0000014f   Thumb Code     0  libshutdown.o(.ARM.Collect$$libshutdown$$00000000)
    __rt_lib_shutdown_cpp_1                  0x00000151   Thumb Code     0  libshutdown2.o(.ARM.Collect$$libshutdown$$00000004)
    __rt_lib_shutdown_fini_1                 0x00000151   Thumb Code     0  libshutdown2.o(.ARM.Collect$$libshutdown$$00000002)
    __rt_lib_shutdown_fp_trap_1              0x00000151   Thumb Code     0  libshutdown2.o(.ARM.Collect$$libshutdown$$00000009)
    __rt_lib_shutdown_heap_1                 0x00000151   Thumb Code     0  libshutdown2.o(.ARM.Collect$$libshutdown$$00000011)
    __rt_lib_shutdown_return                 0x00000151   Thumb Code     0  libshutdown2.o(.ARM.Collect$$libshutdown$$00000012)
    __rt_lib_shutdown_signal_1               0x00000151   Thumb Code     0  libshutdown2.o(.ARM.Collect$$libshutdown$$0000000C)
    __rt_lib_shutdown_stdio_1                0x00000151   Thumb Code     0  libshutdown2.o(.ARM.Collect$$libshutdown$$00000006)
    __rt_lib_shutdown_user_alloc_1           0x00000151   Thumb Code     0  libshutdown2.o(.ARM.Collect$$libshutdown$$0000000E)
    __rt_entry                               0x00000153   Thumb Code     0  __rtentry.o(.ARM.Collect$$rtentry$$00000000)
    __rt_entry_presh_1                       0x00000153   Thumb Code     0  __rtentry2.o(.ARM.Collect$$rtentry$$00000002)
    __rt_entry_sh                            0x00000153   Thumb Code     0  __rtentry4.o(.ARM.Collect$$rtentry$$00000004)
    __rt_entry_li                            0x00000159   Thumb Code     0  __rtentry2.o(.ARM.Collect$$rtentry$$0000000A)
    __rt_entry_postsh_1                      0x00000159   Thumb Code     0  __rtentry2.o(.ARM.Collect$$rtentry$$00000009)
    __rt_entry_main                          0x0000015d   Thumb Code     0  __rtentry2.o(.ARM.Collect$$rtentry$$0000000D)
    __rt_entry_postli_1                      0x0000015d   Thumb Code     0  __rtentry2.o(.ARM.Collect$$rtentry$$0000000C)
    __rt_exit                                0x00000165   Thumb Code     0  rtexit.o(.ARM.Collect$$rtexit$$00000000)
    __rt_exit_ls                             0x00000167   Thumb Code     0  rtexit2.o(.ARM.Collect$$rtexit$$00000003)
    __rt_exit_prels_1                        0x00000167   Thumb Code     0  rtexit2.o(.ARM.Collect$$rtexit$$00000002)
    __rt_exit_exit                           0x0000016b   Thumb Code     0  rtexit2.o(.ARM.Collect$$rtexit$$00000004)
    Reset_Handler                            0x00000171   Thumb Code     4  startup_lpc17xx.o(.text)
    NMI_Handler                              0x00000175   Thumb Code     2  startup_lpc17xx.o(.text)
    HardFault_Handler                        0x00000177   Thumb Code     2  startup_lpc17xx.o(.text)
    MemManage_Handler                        0x00000179   Thumb Code     2  startup_lpc17xx.o(.text)
    BusFault_Handler                         0x0000017b   Thumb Code     2  startup_lpc17xx.o(.text)
    UsageFault_Handler                       0x0000017d   Thumb Code     2  startup_lpc17xx.o(.text)
    SVC_Handler                              0x0000017f   Thumb Code     2  startup_lpc17xx.o(.text)
    DebugMon_Handler                         0x00000181   Thumb Code     2  startup_lpc17xx.o(.text)
    PendSV_Handler                           0x00000183   Thumb Code     2  startup_lpc17xx.o(.text)
    SysTick_Handler                          0x00000185   Thumb Code     2  startup_lpc17xx.o(.text)
    BOD_IRQHandler                           0x00000187   Thumb Code     0  startup_lpc17xx.o(.text)
    CANActivity_IRQHandler                   0x00000187   Thumb Code     0  startup_lpc17xx.o(.text)
    CAN_IRQHandler                           0x00000187   Thumb Code     0  startup_lpc17xx.o(.text)
    DMA_IRQHandler                           0x00000187   Thumb Code     0  startup_lpc17xx.o(.text)
    EINT3_IRQHandler                         0x00000187   Thumb Code     0  startup_lpc17xx.o(.text)
    ENET_IRQHandler                          0x00000187   Thumb Code     0  startup_lpc17xx.o(.text)
    I2C0_IRQHandler                          0x00000187   Thumb Code     0  startup_lpc17xx.o(.text)
    I2C1_IRQHandler                          0x00000187   Thumb Code     0  startup_lpc17xx.o(.text)
    I2C2_IRQHandler                          0x00000187   Thumb Code     0  startup_lpc17xx.o(.text)
    I2S_IRQHandler                           0x00000187   Thumb Code     0  startup_lpc17xx.o(.text)
    MCPWM_IRQHandler                         0x00000187   Thumb Code     0  startup_lpc17xx.o(.text)
    PLL0_IRQHandler                          0x00000187   Thumb Code     0  startup_lpc17xx.o(.text)
    PLL1_IRQHandler                          0x00000187   Thumb Code     0  startup_lpc17xx.o(.text)
    PWM1_IRQHandler                          0x00000187   Thumb Code     0  startup_lpc17xx.o(.text)
    QEI_IRQHandler                           0x00000187   Thumb Code     0  startup_lpc17xx.o(.text)
    RTC_IRQHandler                           0x00000187   Thumb Code     0  startup_lpc17xx.o(.text)
    SPI_IRQHandler                           0x00000187   Thumb Code     0  startup_lpc17xx.o(.text)
    SSP0_IRQHandler                          0x00000187   Thumb Code     0  startup_lpc17xx.o(.text)
    SSP1_IRQHandler                          0x00000187   Thumb Code     0  startup_lpc17xx.o(.text)
    UART0_IRQHandler                         0x00000187   Thumb Code     0  startup_lpc17xx.o(.text)
    UART1_IRQHandler                         0x00000187   Thumb Code     0  startup_lpc17xx.o(.text)
    UART2_IRQHandler                         0x00000187   Thumb Code     0  startup_lpc17xx.o(.text)
    UART3_IRQHandler                         0x00000187   Thumb Code     0  startup_lpc17xx.o(.text)
    USBActivity_IRQHandler                   0x00000187   Thumb Code     0  startup_lpc17xx.o(.text)
    USB_IRQHandler                           0x00000187   Thumb Code     0  startup_lpc17xx.o(.text)
    WDT_IRQHandler                           0x00000187   Thumb Code     0  startup_lpc17xx.o(.text)
    __user_initial_stackheap                 0x00000189   Thumb Code     0  startup_lpc17xx.o(.text)
    main                                     0x000001a5   Thumb Code    60  main.o(.text)
    TIMER0_IRQHandler                        0x000001e5   Thumb Code    74  irq_timer.o(.text)
    TIMER1_IRQHandler                        0x0000022f   Thumb Code    14  irq_timer.o(.text)
    TIMER2_IRQHandler                        0x0000023d   Thumb Code   106  irq_timer.o(.text)
    TIMER3_IRQHandler                        0x000002a7   Thumb Code    24  irq_timer.o(.text)
    __use_two_region_memory                  0x000002e9   Thumb Code     2  heapauxi.o(.text)
    __rt_heap_escrow$2region                 0x000002eb   Thumb Code     2  heapauxi.o(.text)
    __rt_heap_expand$2region                 0x000002ed   Thumb Code     2  heapauxi.o(.text)
    _sputc                                   0x000002ef   Thumb Code    10  _sputc.o(.text)
    __I$use$semihosting                      0x000002f9   Thumb Code     0  use_no_semi.o(.text)
    __use_no_semihosting_swi                 0x000002f9   Thumb Code     2  use_no_semi.o(.text)
    __I$use$fp                               0x000002fa   Number         0  usenofp.o(x$fpl$usenofp)
    __semihosting_library_function           0x000002fb   Thumb Code     0  indicate_semi.o(.text)
    SystemInit                               0x00000301   Thumb Code   526  system_lpc17xx.o(.text)
    timer_age                                0x0000052d   Thumb Code    46  tamagotchi.o(.text)
    timer_happiness_satiety                  0x0000055b   Thumb Code    44  tamagotchi.o(.text)
    timer_joystick_touchpanel                0x00000587   Thumb Code    38  tamagotchi.o(.text)
    draw_to_screen                           0x000005ad   Thumb Code   136  tamagotchi.o(.text)
    display_tamagotchi                       0x00000635   Thumb Code    84  tamagotchi.o(.text)
    play_sound                               0x00000689   Thumb Code    98  tamagotchi.o(.text)
    set_satiety                              0x000006eb   Thumb Code   144  tamagotchi.o(.text)
    give_meal                                0x0000077b   Thumb Code   102  tamagotchi.o(.text)
    set_happiness                            0x000007e1   Thumb Code   144  tamagotchi.o(.text)
    give_snack                               0x00000871   Thumb Code   102  tamagotchi.o(.text)
    buttons_selection                        0x000008d7   Thumb Code   812  tamagotchi.o(.text)
    age_controller                           0x00000c03   Thumb Code   136  tamagotchi.o(.text)
    init_ui                                  0x00000c8b   Thumb Code    54  tamagotchi.o(.text)
    start_tamagotchi                         0x00000cc1   Thumb Code    86  tamagotchi.o(.text)
    joystick_selection                       0x00000d17   Thumb Code    82  tamagotchi.o(.text)
    cuddle                                   0x00000d69   Thumb Code   422  tamagotchi.o(.text)
    runaway                                  0x00000f0f   Thumb Code   130  tamagotchi.o(.text)
    set_volume                               0x00000f91   Thumb Code    86  tamagotchi.o(.text)
    scale_happiness_satiety                  0x00000fe7   Thumb Code    38  tamagotchi.o(.text)
    enable_timer                             0x00001093   Thumb Code    48  lib_timer.o(.text)
    disable_timer                            0x000010c3   Thumb Code    48  lib_timer.o(.text)
    reset_timer                              0x000010f3   Thumb Code    66  lib_timer.o(.text)
    init_timer                               0x00001135   Thumb Code   202  lib_timer.o(.text)
    RIT_IRQHandler                           0x00001219   Thumb Code   128  irq_rit.o(.text)
    enable_RIT                               0x000012a9   Thumb Code    14  lib_rit.o(.text)
    disable_RIT                              0x000012b7   Thumb Code    12  lib_rit.o(.text)
    reset_RIT                                0x000012c3   Thumb Code     8  lib_rit.o(.text)
    init_RIT                                 0x000012cb   Thumb Code   134  lib_rit.o(.text)
    GetASCIICode                             0x00001365   Thumb Code    26  asciilib_1.o(.text)
    wait                                     0x0000190f   Thumb Code     4  glcd_1.o(.text)
    LCD_WritePixel                           0x00001913   Thumb Code    64  glcd_1.o(.text)
    LCD_WriteCommand                         0x00001953   Thumb Code    74  glcd_1.o(.text)
    LCD_ClearWindow                          0x0000199d   Thumb Code   682  glcd_1.o(.text)
    LCD_Clear                                0x00001c47   Thumb Code  1384  glcd_1.o(.text)
    LCD_SetBackground                        0x000021af   Thumb Code    16  glcd_1.o(.text)
    LCD_Initialization                       0x000021bf   Thumb Code 20218  glcd_1.o(.text)
    LCD_GetPoint                             0x000070d3   Thumb Code   984  glcd_1.o(.text)
    LCD_SetPoint                             0x000074ab   Thumb Code   216  glcd_1.o(.text)
    LCD_DrawLine                             0x00007583   Thumb Code   250  glcd_1.o(.text)
    PutChar                                  0x0000767d   Thumb Code   100  glcd_1.o(.text)
    PutCharHorizontal                        0x000076e1   Thumb Code   100  glcd_1.o(.text)
    GUI_Text                                 0x00007745   Thumb Code    80  glcd_1.o(.text)
    LCD_SetWindow                            0x00007795   Thumb Code  1080  glcd_1.o(.text)
    LCD_SetOrientation                       0x00007bcd   Thumb Code   378  glcd_1.o(.text)
    pixel                                    0x00007d47   Thumb Code   132  glcd_1.o(.text)
    LCD_DrawCircle                           0x00007dcb   Thumb Code    94  glcd_1.o(.text)
    LCD_DrawRectangle                        0x00007e29   Thumb Code    58  glcd_1.o(.text)
    LCD_Darken                               0x00007e63   Thumb Code   310  glcd_1.o(.text)
    LCD_GetPixel                             0x00007f99   Thumb Code   208  glcd_1.o(.text)
    LCD_GetBackground                        0x00008069   Thumb Code     6  glcd_1.o(.text)
    EINT0_IRQHandler                         0x00008079   Thumb Code    24  irq_button.o(.text)
    EINT1_IRQHandler                         0x00008091   Thumb Code    24  irq_button.o(.text)
    EINT2_IRQHandler                         0x000080a9   Thumb Code    30  irq_button.o(.text)
    LED_On                                   0x000080d1   Thumb Code    26  funct_led.o(.text)
    LED_Off                                  0x000080eb   Thumb Code    26  funct_led.o(.text)
    LED_Out                                  0x00008105   Thumb Code    42  funct_led.o(.text)
    LPC17xx_SPI_SetSpeed                     0x0000813d   Thumb Code    16  touchpanel.o(.text)
    TP_Init                                  0x000081cd   Thumb Code    30  touchpanel.o(.text)
    Read_X                                   0x00008269   Thumb Code    42  touchpanel.o(.text)
    Read_Y                                   0x00008293   Thumb Code    42  touchpanel.o(.text)
    TP_GetAdXY                               0x000082bd   Thumb Code    34  touchpanel.o(.text)
    TP_DrawPoint                             0x000082df   Thumb Code    20  touchpanel.o(.text)
    DrawCross                                0x000082f3   Thumb Code   356  touchpanel.o(.text)
    DeleteCross                              0x00008457   Thumb Code   350  touchpanel.o(.text)
    Read_Ads7846                             0x000085b5   Thumb Code   502  touchpanel.o(.text)
    setCalibrationMatrix                     0x000087ab   Thumb Code   356  touchpanel.o(.text)
    getDisplayPoint                          0x0000890f   Thumb Code   262  touchpanel.o(.text)
    TouchPanel_Calibrate                     0x00008a15   Thumb Code   120  touchpanel.o(.text)
    ADC_IRQHandler                           0x00008abd   Thumb Code   170  irq_adc.o(.text)
    ADC_init                                 0x00008b79   Thumb Code   146  lib_adc.o(.text)
    ADC_start_conversion                     0x00008c0b   Thumb Code    14  lib_adc.o(.text)
    playNote                                 0x00008c35   Thumb Code    80  midi.o(.text)
    isNotePlaying                            0x00008c85   Thumb Code    22  midi.o(.text)
    __2sprintf                               0x00008ca5   Thumb Code    34  noretval__2sprintf.o(.text)
    _printf_pre_padding                      0x00008ccd   Thumb Code    44  _printf_pad.o(.text)
    _printf_post_padding                     0x00008cf9   Thumb Code    34  _printf_pad.o(.text)
    _printf_int_dec                          0x00008d1d   Thumb Code   104  _printf_dec.o(.text)
    __printf                                 0x00008d95   Thumb Code   308  __printf_flags_wp.o(.text)
    __aeabi_memcpy                           0x00008ecd   Thumb Code     0  rt_memcpy_v6.o(.text)
    __rt_memcpy                              0x00008ecd   Thumb Code   138  rt_memcpy_v6.o(.text)
    _memcpy_lastbytes                        0x00008f33   Thumb Code     0  rt_memcpy_v6.o(.text)
    __aeabi_memclr4                          0x00008f57   Thumb Code     0  rt_memclr_w.o(.text)
    __aeabi_memclr8                          0x00008f57   Thumb Code     0  rt_memclr_w.o(.text)
    __rt_memclr_w                            0x00008f57   Thumb Code    78  rt_memclr_w.o(.text)
    _memset_w                                0x00008f5b   Thumb Code     0  rt_memclr_w.o(.text)
    _printf_int_common                       0x00008fa5   Thumb Code   178  _printf_intcommon.o(.text)
    _printf_char_common                      0x00009063   Thumb Code    32  _printf_char_common.o(.text)
    __aeabi_memcpy4                          0x00009089   Thumb Code     0  rt_memcpy_w.o(.text)
    __aeabi_memcpy8                          0x00009089   Thumb Code     0  rt_memcpy_w.o(.text)
    __rt_memcpy_w                            0x00009089   Thumb Code   100  rt_memcpy_w.o(.text)
    _memcpy_lastbytes_aligned                0x000090d1   Thumb Code     0  rt_memcpy_w.o(.text)
    __user_setup_stackheap                   0x000090ed   Thumb Code    74  sys_stackheap_outer.o(.text)
    exit                                     0x00009137   Thumb Code    18  exit.o(.text)
    __user_libspace                          0x00009149   Thumb Code     8  libspace.o(.text)
    __user_perproc_libspace                  0x00009149   Thumb Code     0  libspace.o(.text)
    __user_perthread_libspace                0x00009149   Thumb Code     0  libspace.o(.text)
    _sys_exit                                0x00009151   Thumb Code     8  sys_exit.o(.text)
    _is_digit                                0x0000915d   Thumb Code    14  __printf_wp.o(i._is_digit)
    __aeabi_dadd                             0x0000916d   Thumb Code     0  daddsub_clz.o(x$fpl$dadd)
    _dadd                                    0x0000916d   Thumb Code   332  daddsub_clz.o(x$fpl$dadd)
    __fpl_dcmp_Inf                           0x000092bd   Thumb Code    24  dcmpi.o(x$fpl$dcmpinf)
    __aeabi_ddiv                             0x000092d5   Thumb Code     0  ddiv.o(x$fpl$ddiv)
    _ddiv                                    0x000092d5   Thumb Code   552  ddiv.o(x$fpl$ddiv)
    __aeabi_cdcmpeq                          0x00009585   Thumb Code     0  deqf.o(x$fpl$deqf)
    _dcmpeq                                  0x00009585   Thumb Code   120  deqf.o(x$fpl$deqf)
    __aeabi_d2uiz                            0x000095fd   Thumb Code     0  dfixu.o(x$fpl$dfixu)
    _dfixu                                   0x000095fd   Thumb Code    90  dfixu.o(x$fpl$dfixu)
    __aeabi_i2d                              0x00009657   Thumb Code     0  dflt_clz.o(x$fpl$dflt)
    _dflt                                    0x00009657   Thumb Code    46  dflt_clz.o(x$fpl$dflt)
    __aeabi_ui2d                             0x00009685   Thumb Code     0  dflt_clz.o(x$fpl$dfltu)
    _dfltu                                   0x00009685   Thumb Code    38  dflt_clz.o(x$fpl$dfltu)
    __aeabi_dmul                             0x000096ad   Thumb Code     0  dmul.o(x$fpl$dmul)
    _dmul                                    0x000096ad   Thumb Code   332  dmul.o(x$fpl$dmul)
    __fpl_dnaninf                            0x00009801   Thumb Code   156  dnaninf.o(x$fpl$dnaninf)
    __fpl_dretinf                            0x0000989d   Thumb Code    12  dretinf.o(x$fpl$dretinf)
    __aeabi_dsub                             0x000098a9   Thumb Code     0  daddsub_clz.o(x$fpl$dsub)
    _dsub                                    0x000098a9   Thumb Code   464  daddsub_clz.o(x$fpl$dsub)
    frame0                                   0x00009a7c   Data        1986  tamagotchi.o(.constdata)
    frame1                                   0x0000a23e   Data        1986  tamagotchi.o(.constdata)
    frame2                                   0x0000aa00   Data        1986  tamagotchi.o(.constdata)
    frame3                                   0x0000b1c2   Data        1986  tamagotchi.o(.constdata)
    frame4                                   0x0000b984   Data        1986  tamagotchi.o(.constdata)
    battery0                                 0x0000c146   Data        1986  tamagotchi.o(.constdata)
    battery1                                 0x0000c908   Data        1986  tamagotchi.o(.constdata)
    battery2                                 0x0000d0ca   Data        1986  tamagotchi.o(.constdata)
    battery3                                 0x0000d88c   Data        1986  tamagotchi.o(.constdata)
    battery4                                 0x0000e04e   Data        1986  tamagotchi.o(.constdata)
    meal                                     0x0000e810   Data        1986  tamagotchi.o(.constdata)
    snack                                    0x0000efd2   Data        1986  tamagotchi.o(.constdata)
    hearth                                   0x0000f794   Data        1986  tamagotchi.o(.constdata)
    volume0                                  0x0000ff56   Data        1986  tamagotchi.o(.constdata)
    volume1                                  0x00010718   Data        1986  tamagotchi.o(.constdata)
    volume2                                  0x00010eda   Data        1986  tamagotchi.o(.constdata)
    volume3                                  0x0001169c   Data        1986  tamagotchi.o(.constdata)
    init_sound                               0x00011e60   Data          68  tamagotchi.o(.constdata)
    click_sound                              0x00011ea4   Data          68  tamagotchi.o(.constdata)
    eat_sound                                0x00011ee8   Data          68  tamagotchi.o(.constdata)
    runaway_sound                            0x00011f2c   Data          68  tamagotchi.o(.constdata)
    cuddle_sound                             0x00011f70   Data          68  tamagotchi.o(.constdata)
    led_mask                                 0x000125a4   Data          32  funct_led.o(.constdata)
    Region$$Table$$Base                      0x000125d8   Number         0  anon$$obj.o(Region$$Table)
    Region$$Table$$Limit                     0x00012608   Number         0  anon$$obj.o(Region$$Table)
    SystemFrequency                          0x2007c000   Data           4  system_lpc17xx.o(.data)
    gone                                     0x2007c004   Data           4  tamagotchi.o(.data)
    selected                                 0x2007c008   Data           4  tamagotchi.o(.data)
    running_away                             0x2007c00c   Data           4  tamagotchi.o(.data)
    volume                                   0x2007c010   Data           4  tamagotchi.o(.data)
    playing                                  0x2007c014   Data           4  tamagotchi.o(.data)
    SinTable                                 0x2007c030   Data          90  irq_timer.o(.data)
    led_value                                0x2007c09c   Data           1  lib_led.o(.data)
    display                                  0x2007c09e   Data           4  touchpanel.o(.data)
    DisplaySample                            0x2007c0a2   Data          12  touchpanel.o(.data)
    AD_current                               0x2007c0b2   Data           2  irq_adc.o(.data)
    AD_last                                  0x2007c0b4   Data           2  irq_adc.o(.data)
    ADC_first_read                           0x2007c0b6   Data           1  irq_adc.o(.data)
    first_sound                              0x2007c0b7   Data           1  midi.o(.data)
    matrix                                   0x2007c0b8   Data          56  touchpanel.o(.bss)
    ScreenSample                             0x2007c0f0   Data          12  touchpanel.o(.bss)
    __libspace_start                         0x2007c0fc   Data          96  libspace.o(.bss)
    __temporary_stack_top$libspace           0x2007c15c   Data           0  libspace.o(.bss)



==============================================================================

Memory Map of the image

  Image Entry point : 0x000000cd

  Load Region LR_IROM1 (Base: 0x00000000, Size: 0x000126c0, Max: 0x00080000, ABSOLUTE)

    Execution Region ER_IROM1 (Exec base: 0x00000000, Load base: 0x00000000, Size: 0x00012608, Max: 0x00080000, ABSOLUTE)

    Exec Addr    Load Addr    Size         Type   Attr      Idx    E Section Name        Object

    0x00000000   0x00000000   0x000000cc   Data   RO            3    RESET               startup_lpc17xx.o
    0x000000cc   0x000000cc   0x00000008   Code   RO          687  * !!!main             c_w.l(__main.o)
    0x000000d4   0x000000d4   0x00000034   Code   RO          888    !!!scatter          c_w.l(__scatter.o)
    0x00000108   0x00000108   0x0000001a   Code   RO          890    !!handler_copy      c_w.l(__scatter_copy.o)
    0x00000122   0x00000122   0x00000002   PAD
    0x00000124   0x00000124   0x0000001c   Code   RO          892    !!handler_zi        c_w.l(__scatter_zi.o)
    0x00000140   0x00000140   0x00000000   Code   RO          680    .ARM.Collect$$_printf_percent$$00000000  c_w.l(_printf_percent.o)
    0x00000140   0x00000140   0x00000006   Code   RO          679    .ARM.Collect$$_printf_percent$$00000009  c_w.l(_printf_d.o)
    0x00000146   0x00000146   0x00000004   Code   RO          720    .ARM.Collect$$_printf_percent$$00000017  c_w.l(_printf_percent_end.o)
    0x0000014a   0x0000014a   0x00000002   Code   RO          756    .ARM.Collect$$libinit$$00000000  c_w.l(libinit.o)
    0x0000014c   0x0000014c   0x00000000   Code   RO          763    .ARM.Collect$$libinit$$00000002  c_w.l(libinit2.o)
    0x0000014c   0x0000014c   0x00000000   Code   RO          765    .ARM.Collect$$libinit$$00000004  c_w.l(libinit2.o)
    0x0000014c   0x0000014c   0x00000000   Code   RO          768    .ARM.Collect$$libinit$$0000000A  c_w.l(libinit2.o)
    0x0000014c   0x0000014c   0x00000000   Code   RO          770    .ARM.Collect$$libinit$$0000000C  c_w.l(libinit2.o)
    0x0000014c   0x0000014c   0x00000000   Code   RO          772    .ARM.Collect$$libinit$$0000000E  c_w.l(libinit2.o)
    0x0000014c   0x0000014c   0x00000000   Code   RO          775    .ARM.Collect$$libinit$$00000011  c_w.l(libinit2.o)
    0x0000014c   0x0000014c   0x00000000   Code   RO          777    .ARM.Collect$$libinit$$00000013  c_w.l(libinit2.o)
    0x0000014c   0x0000014c   0x00000000   Code   RO          779    .ARM.Collect$$libinit$$00000015  c_w.l(libinit2.o)
    0x0000014c   0x0000014c   0x00000000   Code   RO          781    .ARM.Collect$$libinit$$00000017  c_w.l(libinit2.o)
    0x0000014c   0x0000014c   0x00000000   Code   RO          783    .ARM.Collect$$libinit$$00000019  c_w.l(libinit2.o)
    0x0000014c   0x0000014c   0x00000000   Code   RO          785    .ARM.Collect$$libinit$$0000001B  c_w.l(libinit2.o)
    0x0000014c   0x0000014c   0x00000000   Code   RO          787    .ARM.Collect$$libinit$$0000001D  c_w.l(libinit2.o)
    0x0000014c   0x0000014c   0x00000000   Code   RO          789    .ARM.Collect$$libinit$$0000001F  c_w.l(libinit2.o)
    0x0000014c   0x0000014c   0x00000000   Code   RO          791    .ARM.Collect$$libinit$$00000021  c_w.l(libinit2.o)
    0x0000014c   0x0000014c   0x00000000   Code   RO          793    .ARM.Collect$$libinit$$00000023  c_w.l(libinit2.o)
    0x0000014c   0x0000014c   0x00000000   Code   RO          795    .ARM.Collect$$libinit$$00000025  c_w.l(libinit2.o)
    0x0000014c   0x0000014c   0x00000000   Code   RO          799    .ARM.Collect$$libinit$$0000002C  c_w.l(libinit2.o)
    0x0000014c   0x0000014c   0x00000000   Code   RO          801    .ARM.Collect$$libinit$$0000002E  c_w.l(libinit2.o)
    0x0000014c   0x0000014c   0x00000000   Code   RO          803    .ARM.Collect$$libinit$$00000030  c_w.l(libinit2.o)
    0x0000014c   0x0000014c   0x00000000   Code   RO          805    .ARM.Collect$$libinit$$00000032  c_w.l(libinit2.o)
    0x0000014c   0x0000014c   0x00000002   Code   RO          806    .ARM.Collect$$libinit$$00000033  c_w.l(libinit2.o)
    0x0000014e   0x0000014e   0x00000002   Code   RO          826    .ARM.Collect$$libshutdown$$00000000  c_w.l(libshutdown.o)
    0x00000150   0x00000150   0x00000000   Code   RO          839    .ARM.Collect$$libshutdown$$00000002  c_w.l(libshutdown2.o)
    0x00000150   0x00000150   0x00000000   Code   RO          841    .ARM.Collect$$libshutdown$$00000004  c_w.l(libshutdown2.o)
    0x00000150   0x00000150   0x00000000   Code   RO          843    .ARM.Collect$$libshutdown$$00000006  c_w.l(libshutdown2.o)
    0x00000150   0x00000150   0x00000000   Code   RO          846    .ARM.Collect$$libshutdown$$00000009  c_w.l(libshutdown2.o)
    0x00000150   0x00000150   0x00000000   Code   RO          849    .ARM.Collect$$libshutdown$$0000000C  c_w.l(libshutdown2.o)
    0x00000150   0x00000150   0x00000000   Code   RO          851    .ARM.Collect$$libshutdown$$0000000E  c_w.l(libshutdown2.o)
    0x00000150   0x00000150   0x00000000   Code   RO          854    .ARM.Collect$$libshutdown$$00000011  c_w.l(libshutdown2.o)
    0x00000150   0x00000150   0x00000002   Code   RO          855    .ARM.Collect$$libshutdown$$00000012  c_w.l(libshutdown2.o)
    0x00000152   0x00000152   0x00000000   Code   RO          713    .ARM.Collect$$rtentry$$00000000  c_w.l(__rtentry.o)
    0x00000152   0x00000152   0x00000000   Code   RO          731    .ARM.Collect$$rtentry$$00000002  c_w.l(__rtentry2.o)
    0x00000152   0x00000152   0x00000006   Code   RO          743    .ARM.Collect$$rtentry$$00000004  c_w.l(__rtentry4.o)
    0x00000158   0x00000158   0x00000000   Code   RO          733    .ARM.Collect$$rtentry$$00000009  c_w.l(__rtentry2.o)
    0x00000158   0x00000158   0x00000004   Code   RO          734    .ARM.Collect$$rtentry$$0000000A  c_w.l(__rtentry2.o)
    0x0000015c   0x0000015c   0x00000000   Code   RO          736    .ARM.Collect$$rtentry$$0000000C  c_w.l(__rtentry2.o)
    0x0000015c   0x0000015c   0x00000008   Code   RO          737    .ARM.Collect$$rtentry$$0000000D  c_w.l(__rtentry2.o)
    0x00000164   0x00000164   0x00000002   Code   RO          760    .ARM.Collect$$rtexit$$00000000  c_w.l(rtexit.o)
    0x00000166   0x00000166   0x00000000   Code   RO          808    .ARM.Collect$$rtexit$$00000002  c_w.l(rtexit2.o)
    0x00000166   0x00000166   0x00000004   Code   RO          809    .ARM.Collect$$rtexit$$00000003  c_w.l(rtexit2.o)
    0x0000016a   0x0000016a   0x00000006   Code   RO          810    .ARM.Collect$$rtexit$$00000004  c_w.l(rtexit2.o)
    0x00000170   0x00000170   0x00000034   Code   RO            5    .text               startup_lpc17xx.o
    0x000001a4   0x000001a4   0x00000040   Code   RO           16    .text               main.o
    0x000001e4   0x000001e4   0x00000104   Code   RO          169    .text               irq_timer.o
    0x000002e8   0x000002e8   0x00000006   Code   RO          685    .text               c_w.l(heapauxi.o)
    0x000002ee   0x000002ee   0x0000000a   Code   RO          718    .text               c_w.l(_sputc.o)
    0x000002f8   0x000002f8   0x00000002   Code   RO          829    .text               c_w.l(use_no_semi.o)
    0x000002fa   0x000002fa   0x00000000   Code   RO          831    .text               c_w.l(indicate_semi.o)
    0x000002fa   0x000002fa   0x00000000   Code   RO          729    x$fpl$usenofp       fz_ws.l(usenofp.o)
    0x000002fa   0x000002fa   0x00000002   PAD
    0x000002fc   0x000002fc   0x00000004   Code   RO            4    .ARM.__at_0x02FC    startup_lpc17xx.o
    0x00000300   0x00000300   0x0000022c   Code   RO           95    .text               system_lpc17xx.o
    0x0000052c   0x0000052c   0x00000b24   Code   RO          122    .text               tamagotchi.o
    0x00001050   0x00001050   0x000001c8   Code   RO          220    .text               lib_timer.o
    0x00001218   0x00001218   0x00000090   Code   RO          248    .text               irq_rit.o
    0x000012a8   0x000012a8   0x000000bc   Code   RO          293    .text               lib_rit.o
    0x00001364   0x00001364   0x00000020   Code   RO          318    .text               asciilib_1.o
    0x00001384   0x00001384   0x00006cf4   Code   RO          338    .text               glcd_1.o
    0x00008078   0x00008078   0x00000058   Code   RO          408    .text               irq_button.o
    0x000080d0   0x000080d0   0x0000006c   Code   RO          460    .text               funct_led.o
    0x0000813c   0x0000813c   0x00000980   Code   RO          515    .text               touchpanel.o
    0x00008abc   0x00008abc   0x000000bc   Code   RO          549    .text               irq_adc.o
    0x00008b78   0x00008b78   0x000000bc   Code   RO          589    .text               lib_adc.o
    0x00008c34   0x00008c34   0x00000070   Code   RO          617    .text               midi.o
    0x00008ca4   0x00008ca4   0x00000028   Code   RO          651    .text               c_w.l(noretval__2sprintf.o)
    0x00008ccc   0x00008ccc   0x0000004e   Code   RO          655    .text               c_w.l(_printf_pad.o)
    0x00008d1a   0x00008d1a   0x00000002   PAD
    0x00008d1c   0x00008d1c   0x00000078   Code   RO          657    .text               c_w.l(_printf_dec.o)
    0x00008d94   0x00008d94   0x00000138   Code   RO          671    .text               c_w.l(__printf_flags_wp.o)
    0x00008ecc   0x00008ecc   0x0000008a   Code   RO          681    .text               c_w.l(rt_memcpy_v6.o)
    0x00008f56   0x00008f56   0x0000004e   Code   RO          683    .text               c_w.l(rt_memclr_w.o)
    0x00008fa4   0x00008fa4   0x000000b2   Code   RO          714    .text               c_w.l(_printf_intcommon.o)
    0x00009056   0x00009056   0x00000002   PAD
    0x00009058   0x00009058   0x00000030   Code   RO          716    .text               c_w.l(_printf_char_common.o)
    0x00009088   0x00009088   0x00000064   Code   RO          721    .text               c_w.l(rt_memcpy_w.o)
    0x000090ec   0x000090ec   0x0000004a   Code   RO          747    .text               c_w.l(sys_stackheap_outer.o)
    0x00009136   0x00009136   0x00000012   Code   RO          749    .text               c_w.l(exit.o)
    0x00009148   0x00009148   0x00000008   Code   RO          757    .text               c_w.l(libspace.o)
    0x00009150   0x00009150   0x0000000c   Code   RO          818    .text               c_w.l(sys_exit.o)
    0x0000915c   0x0000915c   0x0000000e   Code   RO          669    i._is_digit         c_w.l(__printf_wp.o)
    0x0000916a   0x0000916a   0x00000002   PAD
    0x0000916c   0x0000916c   0x00000150   Code   RO          689    x$fpl$dadd          fz_ws.l(daddsub_clz.o)
    0x000092bc   0x000092bc   0x00000018   Code   RO          723    x$fpl$dcmpinf       fz_ws.l(dcmpi.o)
    0x000092d4   0x000092d4   0x000002b0   Code   RO          696    x$fpl$ddiv          fz_ws.l(ddiv.o)
    0x00009584   0x00009584   0x00000078   Code   RO          699    x$fpl$deqf          fz_ws.l(deqf.o)
    0x000095fc   0x000095fc   0x0000005a   Code   RO          701    x$fpl$dfixu         fz_ws.l(dfixu.o)
    0x00009656   0x00009656   0x0000002e   Code   RO          706    x$fpl$dflt          fz_ws.l(dflt_clz.o)
    0x00009684   0x00009684   0x00000026   Code   RO          705    x$fpl$dfltu         fz_ws.l(dflt_clz.o)
    0x000096aa   0x000096aa   0x00000002   PAD
    0x000096ac   0x000096ac   0x00000154   Code   RO          711    x$fpl$dmul          fz_ws.l(dmul.o)
    0x00009800   0x00009800   0x0000009c   Code   RO          725    x$fpl$dnaninf       fz_ws.l(dnaninf.o)
    0x0000989c   0x0000989c   0x0000000c   Code   RO          727    x$fpl$dretinf       fz_ws.l(dretinf.o)
    0x000098a8   0x000098a8   0x000001d4   Code   RO          691    x$fpl$dsub          fz_ws.l(daddsub_clz.o)
    0x00009a7c   0x00009a7c   0x00008538   Data   RO          123    .constdata          tamagotchi.o
    0x00011fb4   0x00011fb4   0x000005f0   Data   RO          319    .constdata          asciilib_1.o
    0x000125a4   0x000125a4   0x00000020   Data   RO          461    .constdata          funct_led.o
    0x000125c4   0x000125c4   0x00000011   Data   RO          672    .constdata          c_w.l(__printf_flags_wp.o)
    0x000125d5   0x000125d5   0x00000003   PAD
    0x000125d8   0x000125d8   0x00000030   Data   RO          886    Region$$Table       anon$$obj.o


    Execution Region RW_IRAM1 (Exec base: 0x10000000, Load base: 0x00012608, Size: 0x00000200, Max: 0x00008000, ABSOLUTE)

    Exec Addr    Load Addr    Size         Type   Attr      Idx    E Section Name        Object

    0x10000000        -       0x00000200   Zero   RW            1    STACK               startup_lpc17xx.o


    Execution Region RW_IRAM2 (Exec base: 0x2007c000, Load base: 0x00012608, Size: 0x00000160, Max: 0x00008000, ABSOLUTE)

    Exec Addr    Load Addr    Size         Type   Attr      Idx    E Section Name        Object

    0x2007c000   0x00012608   0x00000004   Data   RW           96    .data               system_lpc17xx.o
    0x2007c004   0x0001260c   0x0000002c   Data   RW          124    .data               tamagotchi.o
    0x2007c030   0x00012638   0x00000068   Data   RW          170    .data               irq_timer.o
    0x2007c098   0x000126a0   0x00000004   Data   RW          339    .data               glcd_1.o
    0x2007c09c   0x000126a4   0x00000001   Data   RW          489    .data               lib_led.o
    0x2007c09d   0x000126a5   0x00000001   PAD
    0x2007c09e   0x000126a6   0x00000014   Data   RW          517    .data               touchpanel.o
    0x2007c0b2   0x000126ba   0x00000005   Data   RW          550    .data               irq_adc.o
    0x2007c0b7   0x000126bf   0x00000001   Data   RW          618    .data               midi.o
    0x2007c0b8        -       0x00000044   Zero   RW          516    .bss                touchpanel.o
    0x2007c0fc        -       0x00000060   Zero   RW          758    .bss                c_w.l(libspace.o)
    0x2007c15c   0x000126c0   0x00000004   PAD
    0x2007c160        -       0x00000000   Zero   RW            2    HEAP                startup_lpc17xx.o


==============================================================================

Image component sizes


      Code (inc. data)   RO Data    RW Data    ZI Data      Debug   Object Name

        32          6       1520          0          0       1327   asciilib_1.o
       108         14         32          0          0       1756   funct_led.o
     27892        166          0          4          0      68010   glcd_1.o
       188         18          0          5          0       1037   irq_adc.o
        88         10          0          0          0        797   irq_button.o
       144         16          0          0          0        585   irq_rit.o
       260         42          0        104          0      18909   irq_timer.o
       188         28          0          0          0        968   lib_adc.o
         0          0          0          1          0        312   lib_led.o
       188         20          0          0          0      27691   lib_rit.o
       456         26          0          0          0       1848   lib_timer.o
        64          4          0          0          0       5047   main.o
       112         10          0          1          0       1891   midi.o
        56         22        204          0        512       1168   startup_lpc17xx.o
       556         30          0          4          0        979   system_lpc17xx.o
      2852        284      34104         44          0       9615   tamagotchi.o
      2432         72          0         20         68       6502   touchpanel.o

    ----------------------------------------------------------------------
     35616        768      35908        184        580     148442   Object Totals
         0          0         48          0          0          0   (incl. Generated)
         0          0          0          1          0          0   (incl. Padding)

    ----------------------------------------------------------------------

      Code (inc. data)   RO Data    RW Data    ZI Data      Debug   Library Member Name

         8          0          0          0          0         68   __main.o
       312          4         17          0          0         92   __printf_flags_wp.o
        14          0          0          0          0         68   __printf_wp.o
         0          0          0          0          0          0   __rtentry.o
        12          0          0          0          0          0   __rtentry2.o
         6          0          0          0          0          0   __rtentry4.o
        52          8          0          0          0          0   __scatter.o
        26          0          0          0          0          0   __scatter_copy.o
        28          0          0          0          0          0   __scatter_zi.o
        48          6          0          0          0         96   _printf_char_common.o
         6          0          0          0          0          0   _printf_d.o
       120         16          0          0          0         92   _printf_dec.o
       178          0          0          0          0         88   _printf_intcommon.o
        78          0          0          0          0        108   _printf_pad.o
         0          0          0          0          0          0   _printf_percent.o
         4          0          0          0          0          0   _printf_percent_end.o
        10          0          0          0          0         68   _sputc.o
        18          0          0          0          0         80   exit.o
         6          0          0          0          0        152   heapauxi.o
         0          0          0          0          0          0   indicate_semi.o
         2          0          0          0          0          0   libinit.o
         2          0          0          0          0          0   libinit2.o
         2          0          0          0          0          0   libshutdown.o
         2          0          0          0          0          0   libshutdown2.o
         8          4          0          0         96         68   libspace.o
        40          6          0          0          0         84   noretval__2sprintf.o
        78          0          0          0          0         80   rt_memclr_w.o
       138          0          0          0          0         68   rt_memcpy_v6.o
       100          0          0          0          0         80   rt_memcpy_w.o
         2          0          0          0          0          0   rtexit.o
        10          0          0          0          0          0   rtexit2.o
        12          4          0          0          0         68   sys_exit.o
        74          0          0          0          0         80   sys_stackheap_outer.o
         2          0          0          0          0         68   use_no_semi.o
       804         16          0          0          0        272   daddsub_clz.o
        24          0          0          0          0         68   dcmpi.o
       688        140          0          0          0        208   ddiv.o
       120          4          0          0          0         92   deqf.o
        90          4          0          0          0         92   dfixu.o
        84          0          0          0          0        136   dflt_clz.o
       340         12          0          0          0        104   dmul.o
       156          4          0          0          0         92   dnaninf.o
        12          0          0          0          0         68   dretinf.o
         0          0          0          0          0          0   usenofp.o

    ----------------------------------------------------------------------
      3728        228         20          0        100       2640   Library Totals
        12          0          3          0          4          0   (incl. Padding)

    ----------------------------------------------------------------------

      Code (inc. data)   RO Data    RW Data    ZI Data      Debug   Library Name

      1398         48         17          0         96       1508   c_w.l
      2318        180          0          0          0       1132   fz_ws.l

    ----------------------------------------------------------------------
      3728        228         20          0        100       2640   Library Totals

    ----------------------------------------------------------------------

==============================================================================


      Code (inc. data)   RO Data    RW Data    ZI Data      Debug   

     39344        996      35928        184        680     148738   Grand Totals
     39344        996      35928        184        680     148738   ELF Image Totals
     39344        996      35928        184          0          0   ROM Totals

==============================================================================

    Total RO  Size (Code + RO Data)                75272 (  73.51kB)
    Total RW  Size (RW Data + ZI Data)               864 (   0.84kB)
    Total ROM Size (Code + RO Data + RW Data)      75456 (  73.69kB)

==============================================================================

